[kobobid.com/scratch.html]
[backblue.gif]
[fade.gif]
[index.html]
[cdn.kobobid.com/marketing/facebook-share-for-scratch7dba.jpg]
[cdn.kobobid.com/live/images/favicon.png]
[95c5a916510a.e9b0a146.eu-west-2.token.awswaf.com/95c5a916510a/c3d4a0e30aed/challenge.js]
[www.googleoptimize.com/optimize9501.js]
[cdn.kobobid.com/live/images/logo-colored.png]
[cdn.kobobid.com/live/icon/search-grey.png]
[kobobid.com/raffles.html]
[kobobid.com/fantasy.html]
[kobobid.com/auctions.html]
[kobobid.com/scratch-card-winners.html]
[kobobid.com/login.html]
[kobobid.com/signup.html]
[cdn.kobobid.com/live/images/logo2.png]
[kobobid.com/contact-us.html]
[cdn.kobobid.com/marketing/new-ENJOY-40PERCENT-REWARDS-800X3007dba.jpg]
[cdn.kobobid.com/marketing/new-ENJOY-40PERCENT-REWARDS-1400X2007dba.jpg]
[kobobid.com/scratch_view/6356abd5fea641bdd402fd1e/1k-scratch-and-win/index.html]
[cdn.kobobid.com/web/scratch_cards/icons/1K-thumb7dba.png]
[cdn.kobobid.com/web/scratch_cards/icons/1K7dba.png]
[kobobid.com/scratch_view/6356abd5fea641bdd402fd1d/2k-scratch-and-win/index.html]
[cdn.kobobid.com/web/scratch_cards/icons/2K-thumb7dba.png]
[cdn.kobobid.com/web/scratch_cards/icons/2K7dba.png]
[kobobid.com/scratch_view/62e2a34e3ac3e4186a28990c/5k-scratch-and-win/index.html]
[cdn.kobobid.com/web/scratch_cards/icons/5k-thumb7dba.png]
[cdn.kobobid.com/web/scratch_cards/icons/5k7dba.png]
[kobobid.com/scratch_view/6356abd5fea641bdd402fd20/100k-scratch-and-win/index.html]
[cdn.kobobid.com/web/scratch_cards/icons/100K-thumb7dba.png]
[cdn.kobobid.com/web/scratch_cards/icons/100K7dba.png]
[kobobid.com/terms-of-use.html]
[kobobid.com/privacy-policy.html]
[cdn.kobobid.com/live/js/apps/shared/utils.min7dba.js]
[cdn.kobobid.com/live/images/logo_white.png]
[kobobid.com/about-kobobid.html]
[kobobid.com/index.html]
[kobobid.com/kobobid-promise.html]
[kobobid.com/partnerships.html]
[kobobid.com/sitemap.html]
[kobobid.com/faqs.html]
[kobobid.com/how-it-works/scratch.html]
[kobobid.com/daily-versus-traditional-fantasy-sports.html]
[kobobid.com/what-is-bidpack.html]
[kobobid.com/tips-and-features.html]
[kobobid.com/kobobid-penny-auctions.html]
[kobobid.com/orders-and-shipping.html]
[kobobid.com/payments.html]
[cdn.kobobid.com/web/logo1.png]
[cdn.kobobid.com/web/logo3.png]
[cdn.kobobid.com/web/logo2.png]
[kobobid.com/scratchd41d.html]
[cdn.kobobid.com/live/js/dayjs.min7dba.js]
[cdn.kobobid.com/live/js/daysjsplugins/utc.min7dba.js]
[cdn.kobobid.com/live/js/daysjsplugins/timezone.min7dba.js]
[cdn.kobobid.com/live/js/daysjsplugins/relativeTime.min7dba.js]
[cdn.kobobid.com/live/js/apps/account/relative-time-display.min7dba.js]
[cdn.kobobid.com/live/js/jquery.min7dba.js]
[cdn.kobobid.com/live/js/jquery-throttle-debounce.min7dba.js]
[cdn.kobobid.com/live/js/underscore.min7dba.js]
[cdn.kobobid.com/live/js/iziModal.min7dba.js]
[cdn.kobobid.com/live/js/apps/shared/jquery-utils.min7dba.js]
[cdn.kobobid.com/live/js/apps/shared/load_more.min7dba.js]
[cdn.kobobid.com/live/js/notify.min7dba.js]
[cdn.kobobid.com/live/js/confetti.min7dba.js]
[cdn.kobobid.com/live/js/moment/moment.min7dba.js]
[cdn.kobobid.com/live/js/moment/moment-timezone.min7dba.js]
[cdn.kobobid.com/live/js/socket.io.min7dba.js]
[cdn.kobobid.com/live/js/apps/shared/page_load.min7dba.js]
[cdn.kobobid.com/live/js/apps/shared/io_services.min7dba.js]
[cdn.kobobid.com/live/js/apps/shared/io.min7dba.js]
[cdn.kobobid.com/live/js/apps/newsletter/subscribe-newsletter.min7dba.js]
[cdn.kobobid.com/live/icon/bids-no-value.png]
[cdn.kobobid.com/live/icon/fantasy/football_icon_green.png]
[cdn.kobobid.com/live/icon/fantasy/football_assist_green.png]
[cdn.kobobid.com/live/icon/Kobi-1x.png]
[cdn.kobobid.com/live/icon/coin.png]
[cdn.kobobid.com/live/images/Confetti.png]
[cdn.kobobid.com/live/icon/Sad-Kobi.png]
[kobobid.com/fantasyd985.html]
[kobobid.com/rafflescc3a.html]
[cdn.kobobid.com/live/icon/multi-entry-icon.png]
[cdn.kobobid.com/live/icon/GUARANTEED-ICON.png]
[kobobid.com/scratch_view/index.html]
[cdn.kobobid.com/live/icon/TEAM-BATTLE.png]
[cdn.kobobid.com/live/icon/LEAGUE-BATTLE.png]
[cdn.kobobid.com/live/icon/Kobi-head-GREY.png]
[kobobid.com/scratch.html]
[cdn.kobobid.com/live/css/tachyons.min.css]
[cdn.kobobid.com/live/css/font/Montserrat-BlackItalic.eot]
[cdn.kobobid.com/live/css/font/Montserrat-BlackItalicd41d.eot]
[cdn.kobobid.com/live/css/font/Montserrat-BlackItalic.woff2]
[cdn.kobobid.com/live/css/font/Montserrat-BlackItalic.woff]
[cdn.kobobid.com/live/css/font/Montserrat-Bold.eot]
[cdn.kobobid.com/live/css/font/Montserrat-Boldd41d.eot]
[cdn.kobobid.com/live/css/font/Montserrat-Bold.woff2]
[cdn.kobobid.com/live/css/font/Montserrat-Bold.woff]
[cdn.kobobid.com/live/css/font/Montserrat-ExtraBoldItalic.eot]
[cdn.kobobid.com/live/css/font/Montserrat-ExtraBoldItalicd41d.eot]
[cdn.kobobid.com/live/css/font/Montserrat-ExtraBoldItalic.woff2]
[cdn.kobobid.com/live/css/font/Montserrat-ExtraBoldItalic.woff]
[cdn.kobobid.com/live/css/font/Montserrat-BoldItalic.eot]
[cdn.kobobid.com/live/css/font/Montserrat-BoldItalicd41d.eot]
[cdn.kobobid.com/live/css/font/Montserrat-BoldItalic.woff2]
[cdn.kobobid.com/live/css/font/Montserrat-BoldItalic.woff]
[cdn.kobobid.com/live/css/font/Montserrat-ExtraBold.eot]
[cdn.kobobid.com/live/css/font/Montserrat-ExtraBoldd41d.eot]
[cdn.kobobid.com/live/css/font/Montserrat-ExtraBold.woff2]
[cdn.kobobid.com/live/css/font/Montserrat-ExtraBold.woff]
[cdn.kobobid.com/live/css/font/Montserrat-LightItalic.eot]
[cdn.kobobid.com/live/css/font/Montserrat-LightItalicd41d.eot]
[cdn.kobobid.com/live/css/font/Montserrat-LightItalic.woff2]
[cdn.kobobid.com/live/css/font/Montserrat-LightItalic.woff]
[cdn.kobobid.com/live/css/font/Montserrat-Light.eot]
[cdn.kobobid.com/live/css/font/Montserrat-Lightd41d.eot]
[cdn.kobobid.com/live/css/font/Montserrat-Light.woff2]
[cdn.kobobid.com/live/css/font/Montserrat-Light.woff]
[cdn.kobobid.com/live/css/font/Montserrat-Italic.eot]
[cdn.kobobid.com/live/css/font/Montserrat-Italicd41d.eot]
[cdn.kobobid.com/live/css/font/Montserrat-Italic.woff2]
[cdn.kobobid.com/live/css/font/Montserrat-Italic.woff]
[cdn.kobobid.com/live/css/font/Montserrat-ExtraLight.eot]
[cdn.kobobid.com/live/css/font/Montserrat-ExtraLightd41d.eot]
[cdn.kobobid.com/live/css/font/Montserrat-ExtraLight.woff2]
[cdn.kobobid.com/live/css/font/Montserrat-ExtraLight.woff]
[cdn.kobobid.com/live/css/font/Montserrat-ExtraLightItalic.eot]
[cdn.kobobid.com/live/css/font/Montserrat-ExtraLightItalicd41d.eot]
[cdn.kobobid.com/live/css/font/Montserrat-ExtraLightItalic.woff2]
[cdn.kobobid.com/live/css/font/Montserrat-ExtraLightItalic.woff]
[cdn.kobobid.com/live/css/font/Montserrat-SemiBold.eot]
[cdn.kobobid.com/live/css/font/Montserrat-SemiBoldd41d.eot]
[cdn.kobobid.com/live/css/font/Montserrat-SemiBold.woff2]
[cdn.kobobid.com/live/css/font/Montserrat-SemiBold.woff]
[cdn.kobobid.com/live/css/font/Montserrat-ThinItalic.eot]
[cdn.kobobid.com/live/css/font/Montserrat-ThinItalicd41d.eot]
[cdn.kobobid.com/live/css/font/Montserrat-ThinItalic.woff2]
[cdn.kobobid.com/live/css/font/Montserrat-ThinItalic.woff]
[cdn.kobobid.com/live/css/font/Montserrat-Medium.eot]
[cdn.kobobid.com/live/css/font/Montserrat-Mediumd41d.eot]
[cdn.kobobid.com/live/css/font/Montserrat-Medium.woff2]
[cdn.kobobid.com/live/css/font/Montserrat-Medium.woff]
[cdn.kobobid.com/live/css/font/Montserrat-Regular.eot]
[cdn.kobobid.com/live/css/font/Montserrat-Regulard41d.eot]
[cdn.kobobid.com/live/css/font/Montserrat-Regular.woff2]
[cdn.kobobid.com/live/css/font/Montserrat-Regular.woff]
[cdn.kobobid.com/live/css/font/Montserrat-SemiBoldItalic.eot]
[cdn.kobobid.com/live/css/font/Montserrat-SemiBoldItalicd41d.eot]
[cdn.kobobid.com/live/css/font/Montserrat-SemiBoldItalic.woff2]
[cdn.kobobid.com/live/css/font/Montserrat-SemiBoldItalic.woff]
[cdn.kobobid.com/live/css/font/Montserrat-Thin.eot]
[cdn.kobobid.com/live/css/font/Montserrat-Thind41d.eot]
[cdn.kobobid.com/live/css/font/Montserrat-Thin.woff2]
[cdn.kobobid.com/live/css/font/Montserrat-Thin.woff]
[cdn.kobobid.com/live/css/font/Montserrat-MediumItalic.eot]
[cdn.kobobid.com/live/css/font/Montserrat-MediumItalicd41d.eot]
[cdn.kobobid.com/live/css/font/Montserrat-MediumItalic.woff2]
[cdn.kobobid.com/live/css/font/Montserrat-MediumItalic.woff]
[cdn.kobobid.com/live/css/font/FuturaPT-Bold.eot]
[cdn.kobobid.com/live/css/font/FuturaPT-Boldd41d.eot]
[cdn.kobobid.com/live/css/font/FuturaPT-Bold.woff2]
[cdn.kobobid.com/live/css/font/FuturaPT-Bold.woff]
[cdn.kobobid.com/live/css/font/FuturaPT-Book.eot]
[cdn.kobobid.com/live/css/font/FuturaPT-Bookd41d.eot]
[cdn.kobobid.com/live/css/font/FuturaPT-Book.woff2]
[cdn.kobobid.com/live/css/font/FuturaPT-Book.woff]
[cdn.kobobid.com/live/css/font/FuturaPT-ExtraBold.eot]
[cdn.kobobid.com/live/css/font/FuturaPT-ExtraBoldd41d.eot]
[cdn.kobobid.com/live/css/font/FuturaPT-ExtraBold.woff2]
[cdn.kobobid.com/live/css/font/FuturaPT-ExtraBold.woff]
[cdn.kobobid.com/live/css/font/FuturaPT-Demi.eot]
[cdn.kobobid.com/live/css/font/FuturaPT-Demid41d.eot]
[cdn.kobobid.com/live/css/font/FuturaPT-Demi.woff2]
[cdn.kobobid.com/live/css/font/FuturaPT-Demi.woff]
[cdn.kobobid.com/live/css/font/FuturaPT-BookObl.eot]
[cdn.kobobid.com/live/css/font/FuturaPT-BookObld41d.eot]
[cdn.kobobid.com/live/css/font/FuturaPT-BookObl.woff2]
[cdn.kobobid.com/live/css/font/FuturaPT-BookObl.woff]
[cdn.kobobid.com/live/css/font/FuturaPT-Medium.eot]
[cdn.kobobid.com/live/css/font/FuturaPT-Mediumd41d.eot]
[cdn.kobobid.com/live/css/font/FuturaPT-Medium.woff2]
[cdn.kobobid.com/live/css/font/FuturaPT-Medium.woff]
[cdn.kobobid.com/live/css/font/FuturaPT-ExtraBoldObl.eot]
[cdn.kobobid.com/live/css/font/FuturaPT-ExtraBoldObld41d.eot]
[cdn.kobobid.com/live/css/font/FuturaPT-ExtraBoldObl.woff2]
[cdn.kobobid.com/live/css/font/FuturaPT-Light.eot]
[cdn.kobobid.com/live/css/font/FuturaPT-Lightd41d.eot]
[cdn.kobobid.com/live/css/font/FuturaPT-Light.woff2]
[cdn.kobobid.com/live/css/font/FuturaPT-Light.woff]
[cdn.kobobid.com/live/css/font/FuturaPT-Heavy.eot]
[cdn.kobobid.com/live/css/font/FuturaPT-Heavyd41d.eot]
[cdn.kobobid.com/live/css/font/FuturaPT-Heavy.woff2]
[cdn.kobobid.com/live/css/font/FuturaPT-Heavy.woff]
[cdn.kobobid.com/live/css/font/stylesheet.css]
[www.googletagmanager.com/gtm5445.html]
[cdn.kobobid.com/live/icon/Pattern2.png]
[cdn.kobobid.com/live/css/style.min7dba.css]
[cdn.kobobid.com/marketing/facebook-share-for-raffle7dba.jpg]
[kobobid.com/raffle-winners.html]
[cdn.kobobid.com/live/icon/Kobi-2x.png]
[cdn.kobobid.com/live/images/loading.gif]
[kobobid.com/how-it-works/raffles.html]
[kobobid.com/rafflesd41d.html]
[kobobid.com/raffles.html]
[cdn.kobobid.com/marketing/Social-media-launch-37dba.jpg]
[cdn.kobobid.com/live/icon/file.png]
[cdn.kobobid.com/live/icon/SOCCER.png]
[cdn.kobobid.com/live/icon/BASKETBALL.png]
[cdn.kobobid.com/live/icon/FOOTBALL.png]
[cdn.kobobid.com/web/fantasy/tournament_icons/EPL-FREE-thumb.png]
[cdn.kobobid.com/live/icon/coin_bid.png]
[cdn.kobobid.com/live/icon/recent_winner_icon2x.png]
[kobobid.com/fantasy/64da37b19c8c678afd0bb768/free-epl-10k/index.html]
[kobobid.com/fantasy/watchlist.html]
[cdn.kobobid.com/live/icon/trash.png]
[cdn.kobobid.com/web/fantasy/tournament_icons/EPL-20K-thumb.png]
[cdn.kobobid.com/web/fantasy/tournament_icons/EPL-100K-Guaranteed-thumb.png]
[cdn.kobobid.com/web/fantasy/tournament_icons/BUNDESLIGA-20K-thumb.png]
[cdn.kobobid.com/web/fantasy/tournament_icons/EPL-40K-thumb.png]
[cdn.kobobid.com/web/fantasy/tournament_icons/FIFAW-20K-thumb.png]
[cdn.kobobid.com/web/fantasy/tournament_icons/BUNDESLIGA-40K-thumb.png]
[kobobid.com/fantasy/64d41c2862b9f4403a243b31/not-vs-she-20k/index.html]
[cdn.kobobid.com/web/fantasy/tournament_icons/BUNDESLIGA-10K-thumb.png]
[kobobid.com/fantasy/64dbb7eb4a599ab4d3335962/tot-vs-mnu-100k-guaranteed/index.html]
[kobobid.com/fantasy/64d41c2962b9f4403a243b33/bre-vs-bay-20k/index.html]
[kobobid.com/fantasy/64dce134c70c31b57a751a66/swe-vs-aus-20k/index.html]
[kobobid.com/fantasy/64da37b09c8c678afd0bb767/top-25-epl-40k/index.html]
[kobobid.com/fantasy/64da37b59c8c678afd0bb770/top-25-deb-40k/index.html]
[kobobid.com/fantasy/64da37b29c8c678afd0bb76c/top-25-epl-40k/index.html]
[kobobid.com/fantasy/64da37bb9c8c678afd0bb777/top-25-epl-40k/index.html]
[cdn.kobobid.com/web/fantasy/tournament_icons/LALIGA-20K-thumb.png]
[kobobid.com/fantasy/64d41c2a62b9f4403a243b34/bre-vs-bay-10k-1v1/index.html]
[cdn.kobobid.com/web/fantasy/tournament_icons/LALIGA-10K-thumb.png]
[kobobid.com/fantasy/64d41c2d62b9f4403a243b39/val-vs-lpm-20k/index.html]
[kobobid.com/fantasy/64d41c2d62b9f4403a243b3a/val-vs-lpm-10k-1v1/index.html]
[kobobid.com/fantasy/64da37af9c8c678afd0bb765/liv-vs-bor-20k/index.html]
[kobobid.com/fantasy/64da37b39c8c678afd0bb76e/mnc-vs-new-20k/index.html]
[cdn.kobobid.com/web/fantasy/tournament_icons/LALIGA-20K.png]
[kobobid.com/fantasy/64da37b29c8c678afd0bb76a/tot-vs-mnu-20k/index.html]
[kobobid.com/fantasy/64dce13cc70c31b57a751a68/esp-vs-eng-20k/index.html]
[kobobid.com/fantasy/64da37ba9c8c678afd0bb775/ast-vs-eve-20k/index.html]
[cdn.kobobid.com/web/fantasy/tournament_icons/LALIGA-10K.png]
[cdn.kobobid.com/web/fantasy/tournament_icons/EPL-20K.png]
[cdn.kobobid.com/web/fantasy/tournament_icons/SERIE-A-20K-thumb.png]
[cdn.kobobid.com/web/fantasy/tournament_icons/SERIE-A-20K.png]
[cdn.kobobid.com/web/fantasy/tournament_icons/SERIE-A-10K-thumb.png]
[cdn.kobobid.com/web/fantasy/tournament_icons/SERIE-A-10K.png]
[cdn.kobobid.com/web/fantasy/tournament_icons/EPL-200K-Guaranteed-thumb.png]
[kobobid.com/how-it-works/fantasy.html]
[kobobid.com/fantasy/64d89d582be25e72b15801c8/aus-vs-eng-20k/index.html]
[kobobid.com/fantasy/64d704f662b9f4403a243b3c/esp-vs-swe-20k/index.html]
[kobobid.com/fantasy/64d29fec793bd53b73c40360/get-vs-fcb-20k/index.html]
[kobobid.com/fantasy/64d29fef793bd53b73c40363/mnu-vs-wol-20k/index.html]
[kobobid.com/fantasy/64d29fe9793bd53b73c4035b/cfc-vs-liv-200k-guaranteed/index.html]
[kobobid.com/fantasyd41d.html]
[kobobid.com/fantasy/64d29fe8793bd53b73c40358/top-25-epl-40k/index.html]
[kobobid.com/fantasy/64d29fe7793bd53b73c40356/bre-vs-tot-20k/index.html]
[kobobid.com/fantasy/64d29fe2793bd53b73c4034f/new-vs-ast-20k/index.html]
[kobobid.com/fantasy/64d2fd6762b9f4403a243b2f/free-epl-10k/index.html]
[kobobid.com/fantasy/64d29fe0793bd53b73c4034b/bor-vs-whu-20k/index.html]
[kobobid.com/fantasy/64d29fdf793bd53b73c40349/ars-vs-not-20k/index.html]
[kobobid.com/fantasy/64d29fe1793bd53b73c4034d/top-25-epl-40k/index.html]
[kobobid.com/fantasy.html]
[cdn.kobobid.com/marketing/facebook-share-for-auction.jpg]
[kobobid.com/winners.html]
[cdn.kobobid.com/live/icon/menu-w.png]
[kobobid.com/how-it-works.html]
[cdn.kobobid.com/live/images/Box_1.gif]
[cdn.kobobid.com/live/images/Box_2.gif]
[cdn.kobobid.com/live/icon/fast.png]
[cdn.kobobid.com/live/icon/authentic.png]
[cdn.kobobid.com/live/icon/simple.png]
[cdn.kobobid.com/live/icon/trustworthy.png]
[cdn.kobobid.com/live/images/kb_promise7dba.jpg]
[cdn.kobobid.com/live/js/owl.carousel.min7dba.js]
[cdn.kobobid.com/live/js/popper.minc010.js]
[cdn.kobobid.com/live/js/tippy.min1bce.js]
[cdn.kobobid.com/live/js/apps/shared/shared_js.min7dba.js]
[cdn.kobobid.com/live/icon/icon-close-2x.png]
[kobobid.com/auctions.html]
[cdn.kobobid.com/marketing/10-days-of-jolly-banner-MobileVersion7dba.jpg]
[cdn.kobobid.com/marketing/10-days-of-jolly-banner-DesktopVersion7dba.jpg]
[cdn.kobobid.com/live/images/avatar.png]
[kobobid.com/scratch_view/6356abd5fea641bdd402fd20/100k-scratch-and-win.html]
[cdn.kobobid.com/web/scratch_cards/icons/100K.png]
[kobobid.com/scratch_view/62e2a34e3ac3e4186a28990c/5k-scratch-and-win.html]
[cdn.kobobid.com/web/scratch_cards/icons/5k.png]
[cdn.kobobid.com/live/icon/prev.png]
[kobobid.com/scratch-card-winners4658.html]
[kobobid.com/scratch-card-winners9ba9.html]
[kobobid.com/scratch-card-winnersfdb0.html]
[cdn.kobobid.com/live/icon/next.png]
[kobobid.com/scratch-card-winners.html]
[kobobid.com/scratch-card-winnersd41d.html]
[www.google.com/recaptcha/api6eff.js]
[kobobid.com/forgot.html]
[cdn.kobobid.com/live/images/logo-stacked.png]
[cdn.kobobid.com/live/js/apps/registration/login.min7dba.js]
[kobobid.com/login.html]
[cdn.kobobid.com/marketing/PROMO-SIGN-UP-BANNER-700X3507dba.jpg]
[cdn.kobobid.com/marketing/PROMO-SIGN-UP-BANNER-1200X3007dba.jpg]
[cdn.kobobid.com/live/js/apps/registration/sign-up.min7dba.js]
[kobobid.com/signup.html]
[cdn.kobobid.com/marketing/facebook-share-for-home7dba.png]
[d17nz991552y2g.cloudfront.net/app/js/jqueryandencoder.ffa5afd5124fbedceea9.js]
[cdn.kobobid.com/live/js/apps/shared/live-zoho.min7dba.js]
[cdn.kobobid.com/live/icon/c_call.png]
[cdn.kobobid.com/live/images/whatsapp.png]
[cdn.kobobid.com/live/icon/c_chat.png]
[cdn.kobobid.com/live/js/apps/shared/custom.min7dba.js]
[kobobid.com/contact-us.html]
[cdn.kobobid.com/live/icon/Kobi-head.png]
[kobobid.com/scratch_view/6356abd5fea641bdd402fd1e/index.html]
[kobobid.com/scratch_view/6356abd5fea641bdd402fd1e/1k-scratch-and-win/index.html]
[kobobid.com/scratch_view/6356abd5fea641bdd402fd1d/index.html]
[kobobid.com/scratch_view/6356abd5fea641bdd402fd1d/2k-scratch-and-win/index.html]
[kobobid.com/scratch_view/62e2a34e3ac3e4186a28990c/index.html]
[kobobid.com/scratch_view/62e2a34e3ac3e4186a28990c/5k-scratch-and-win/index.html]
[kobobid.com/scratch_view/6356abd5fea641bdd402fd20/index.html]
[kobobid.com/scratch_view/6356abd5fea641bdd402fd20/100k-scratch-and-win/index.html]
[kobobid.com/cdn-cgi/l/email-protection.html]
[kobobid.com/terms-of-use.html]
[kobobid.com/privacy-policy.html]
[kobobid.com/cdn-cgi/scripts/5c5dd728/cloudflare-static/email-decode.min.js]
[cdn.kobobid.com/live/images/home/scratch_home_mobile.jpg]
[cdn.kobobid.com/live/images/home/auction_home_mobile.jpg]
[cdn.kobobid.com/live/images/home/raffle_home_mobile.jpg]
[cdn.kobobid.com/live/images/home/fantasy_home_mobile.jpg]
[cdn.kobobid.com/live/images/home/scratch_home.jpg]
[cdn.kobobid.com/live/images/home/auction_home.jpg]
[cdn.kobobid.com/live/images/home/fantasy_home.jpg]
[cdn.kobobid.com/live/images/home/raffle_home.jpg]
[kobobid.com/index.html]
[cdn.kobobid.com/live/images/about_img.png]
[cdn.kobobid.com/live/icon/access.png]
[cdn.kobobid.com/live/icon/authenticity.png]
[cdn.kobobid.com/live/icon/fairness.png]
[cdn.kobobid.com/live/icon/enjoyment.png]
[kobobid.com/about-kobobid.html]
[cdn.kobobid.com/live/icon/seal.png]
[cdn.kobobid.com/web/logo4.png]
[kobobid.com/kobobid-promise.html]
[cdn.kobobid.com/live/images/partnership.jpg]
[kobobid.com/partnerships.html]
[kobobid.com/auctionsf582.html]
[kobobid.com/auctions2aec.html]
[kobobid.com/auctionsa0f2.html]
[kobobid.com/auctions26c6.html]
[kobobid.com/auctionse7cd.html]
[kobobid.com/auctions4729.html]
[kobobid.com/auctionsaa8f.html]
[kobobid.com/auctionsc07b.html]
[kobobid.com/auctions914a.html]
[kobobid.com/auctions0382.html]
[kobobid.com/auctions298e.html]
[kobobid.com/auctions8f4f.html]
[kobobid.com/auctionsc6c7.html]
[kobobid.com/auctions3a01.html]
[kobobid.com/auctionsa2d9.html]
[kobobid.com/sitemap.html]
[kobobid.com/auctions59dc.html]
[cdn.kobobid.com/live/images/faq.jpg]
[kobobid.com/faqs.html]
[cdn.kobobid.com/live/images/how_it_works/scratch-1.jpg]
[cdn.kobobid.com/live/images/how_it_works/scratch-2.jpg]
[cdn.kobobid.com/live/images/how_it_works/scratch-3.jpg]
[cdn.kobobid.com/live/images/how_it_works/scratch-4.jpg]
[cdn.kobobid.com/live/images/how_it_works/scratch-5.jpg]
[cdn.kobobid.com/live/images/how_it_works/scratch-6.jpg]
[kobobid.com/how-it-works/scratch.html]
[kobobid.com/daily-versus-traditional-fantasy-sports.html]
[kobobid.com/what-is-bidpack.html]
[cdn.kobobid.com/live/images/bidpack_Stack.jpg]
[cdn.kobobid.com/live/images/tips.jpg]
[kobobid.com/tips-and-features.html]
[kobobid.com/watchlist.html]
[cdn.kobobid.com/live/icon/kobo.png]
[cdn.kobobid.com/live/icon/ebay.png]
[kobobid.com/kobobid-penny-auctions.html]
[cdn.kobobid.com/live/images/shipping.jpg]
[cdn.kobobid.com/live/images/shipping_2.jpg]
[kobobid.com/orders-and-shipping.html]
[kobobid.com/contact.html]
[cdn.kobobid.com/live/icon/mastercard.png]
[cdn.kobobid.com/live/icon/visa.png]
[cdn.kobobid.com/live/icon/flutterwave.png]
[cdn.kobobid.com/live/icon/ussd.png]
[cdn.kobobid.com/live/icon/bank-transfer.png]
[kobobid.com/payments.html]
[kobobid.com/scratchd41d.html]
[cdn.kobobid.com/live/css/iziModal.min7dba.css]
[kobobid.com/fantasyb4a6.html]
[kobobid.com/fantasyd985.html]
[kobobid.com/rafflescc3a.html]
[cdn.kobobid.com/marketing/facebook-share-for-homeec92.png]
[cdn.kobobid.com/live/icon/404.png]
[kobobid.com/scratch_view/index.html]
[cdn.kobobid.com/live/js/apps/shared/utils.minec92.js]
[cdn.kobobid.com/live/css/font/FuturaPT-ExtraBoldObl.woff]
[cdn.kobobid.com/web/avatar/dji3d7au6-sunshine2323.png]
[kobobid.com/raffles/646e23817732910008f601e9/10-000-cash.html]
[cdn.kobobid.com/web/raffle/615f812403a1bd585f8c52c3/5hzcooutpj-10-000-cash-1.png]
[kobobid.com/raffles/6492b9082dc6910008c9288c/1-000-cash.html]
[cdn.kobobid.com/web/raffle/euxd494sor/9j43w09d53-1-000-cash-1.png]
[kobobid.com/raffles/64804e2b8e626676c67be29d/mamas-pride-parboiled-rice-50kg.html]
[cdn.kobobid.com/web/raffle/yt87meyppj/vfxsqs5hc-mamas-pride-parboiled-rice-50kg-1.png]
[cdn.kobobid.com/web/avatar/dzjz5xzgyg-ttemmy.png]
[kobobid.com/raffles/6474611f14ab6b00088ec6ae/1-000-cash.html]
[kobobid.com/raffles/646dc5facbd0f300082feb63/2-000-cash.html]
[cdn.kobobid.com/web/raffle/pwk6qvjf0a/083ncmk7mn-2-000-cash-1.png]
[kobobid.com/raffles/6464a14c0cc82f0008cc94ce/5-000-cash.html]
[cdn.kobobid.com/web/raffle/v19j887u1k/1qbqpms61-5-000-cash-1.png]
[kobobid.com/raffles/6455b0e91d54f30008bdea7f/1-000-cash.html]
[kobobid.com/raffles/6421f3c36f07090008557d45/20-000-cash.html]
[cdn.kobobid.com/web/raffle/go9ax8maz/v885e8ogam-20-000-cash-1.png]
[kobobid.com/raffles/6443c41afe61050008aeb3a9/10-000-cash.html]
[kobobid.com/raffles/64542f2bbc9e16000808762d/2-000-cash.html]
[kobobid.com/raffles/644a419217a4fa00088a3278/5-000-cash.html]
[kobobid.com/raffles/644bdeeeaff9b70008391366/1-000-cash.html]
[kobobid.com/raffles/64443e91aa3ba10008cf472e/2-000-cash.html]
[kobobid.com/raffles/6445341c9e303b00080e2367/1-000-cash.html]
[kobobid.com/raffles/643adee601cfe20008ae9d73/5-000-cash.html]
[kobobid.com/raffles/64402727ae1c4200089e205c/1-000-cash.html]
[kobobid.com/raffles/64366900dc12a40008c8efb3/2-000-cash.html]
[kobobid.com/raffles/642b62022d64b100088b5dd7/10-000-cash.html]
[kobobid.com/raffles/63ce76558695160008e1f2fa/50-000-cash.html]
[cdn.kobobid.com/web/raffle/akcx8726sa/vbt6mmbas9-50-000-cash-1.png]
[kobobid.com/raffle-winners4658.html]
[kobobid.com/raffle-winners9ba9.html]
[kobobid.com/raffle-winnersfdb0.html]
[kobobid.com/raffle-winners.html]
[kobobid.com/raffle-winnersd41d.html]
[cdn.kobobid.com/marketing/STEP1_Howtoplayraffle.jpg]
[cdn.kobobid.com/marketing/STEP2_Howtoplayraffle.jpg]
[cdn.kobobid.com/marketing/STEP3_Howtoplayraffle.jpg]
[cdn.kobobid.com/marketing/STEP4_Howtoplayraffle.jpg]
[cdn.kobobid.com/marketing/STEP5_Howtoplayraffle.jpg]
[cdn.kobobid.com/marketing/STEP6_Howtoplayraffle.jpg]
[cdn.kobobid.com/marketing/STEP7_Howtoplayraffle.jpg]
[cdn.kobobid.com/marketing/STEP8_Howtoplayraffle.jpg]
[kobobid.com/how-it-works/raffles.html]
[kobobid.com/rafflesd41d.html]
[cdn.kobobid.com/web/fantasy/tournament_icons/EPL-FREE7dba.png]
[cdn.kobobid.com/live/icon/fantasy/player_avatar.png]
[kobobid.com/fantasy/64da37b19c8c678afd0bb768/free-epl-10k/index.html]
[kobobid.com/fantasy/watchlist.html]
[kobobid.com/fantasy/watchlistd41d.html]
[cdn.kobobid.com/web/fantasy/tournament_icons/EPL-20K7dba.png]
[cdn.kobobid.com/web/avatar/ykmj30ynk-henrydimo.png]
[cdn.kobobid.com/web/avatar/oaoq2ny15t-niyipro94.png]
[cdn.kobobid.com/web/avatar/v067z9txnv-enyipounds.png]
[kobobid.com/fantasy/64d41c2862b9f4403a243b31/not-vs-she-20k/index.html]
[kobobid.com/fantasy/64dbb7eb4a599ab4d3335962/tot-vs-mnu-100k-guaranteed/index.html]
[cdn.kobobid.com/web/fantasy/tournament_icons/BUNDESLIGA-20K7dba.png]
[kobobid.com/fantasy/64d41c2962b9f4403a243b33/bre-vs-bay-20k/index.html]
[cdn.kobobid.com/web/fantasy/tournament_icons/EPL-40K7dba.png]
[kobobid.com/fantasy/64da37b09c8c678afd0bb767/top-25-epl-40k/index.html]
[cdn.kobobid.com/web/fantasy/tournament_icons/FIFAW-20K7dba.png]
[kobobid.com/fantasy/64dce134c70c31b57a751a66/swe-vs-aus-20k/index.html]
[cdn.kobobid.com/web/fantasy/tournament_icons/BUNDESLIGA-40K7dba.png]
[kobobid.com/fantasy/64da37b59c8c678afd0bb770/top-25-deb-40k/index.html]
[kobobid.com/fantasy/64da37b29c8c678afd0bb76c/top-25-epl-40k/index.html]
[kobobid.com/fantasy/64da37bb9c8c678afd0bb777/top-25-epl-40k/index.html]
[cdn.kobobid.com/web/fantasy/tournament_icons/BUNDESLIGA-10K7dba.png]
[kobobid.com/fantasy/64d41c2a62b9f4403a243b34/bre-vs-bay-10k-1v1/index.html]
[cdn.kobobid.com/web/fantasy/tournament_icons/LALIGA-20K7dba.png]
[kobobid.com/fantasy/64d41c2d62b9f4403a243b39/val-vs-lpm-20k/index.html]
[cdn.kobobid.com/web/fantasy/tournament_icons/LALIGA-10K7dba.png]
[kobobid.com/fantasy/64d41c2d62b9f4403a243b3a/val-vs-lpm-10k-1v1/index.html]
[kobobid.com/fantasy/64da37af9c8c678afd0bb765/liv-vs-bor-20k/index.html]
[kobobid.com/fantasy/64da37b29c8c678afd0bb76a/tot-vs-mnu-20k/index.html]
[kobobid.com/fantasy/64da37b39c8c678afd0bb76e/mnc-vs-new-20k/index.html]
[kobobid.com/fantasy/64dce13cc70c31b57a751a68/esp-vs-eng-20k/index.html]
[kobobid.com/fantasy/64da37ba9c8c678afd0bb775/ast-vs-eve-20k/index.html]
[kobobid.com/fantasy/64da37b79c8c678afd0bb772/osa-vs-ath-20k/index.html]
[kobobid.com/fantasy/64da37b79c8c678afd0bb773/osa-vs-ath-10k-1v1/index.html]
[kobobid.com/fantasy/64da37bc9c8c678afd0bb779/whu-vs-cfc-20k/index.html]
[kobobid.com/fantasy/64da37bf9c8c678afd0bb77b/fcb-vs-cad-20k/index.html]
[kobobid.com/fantasy/64da37c09c8c678afd0bb77c/fcb-vs-cad-10k-1v1/index.html]
[kobobid.com/fantasy/64da4e969c8c678afd0bb786/tor-vs-cag-20k/index.html]
[kobobid.com/fantasy/64da4e969c8c678afd0bb787/tor-vs-cag-10k-1v1/index.html]
[kobobid.com/fantasy/64da37c59c8c678afd0bb780/ala-vs-sev-20k/index.html]
[kobobid.com/fantasy/64da37c59c8c678afd0bb781/ala-vs-sev-10k-1v1/index.html]
[kobobid.com/fantasy/64da37c29c8c678afd0bb77e/cry-vs-ars-20k/index.html]
[kobobid.com/fantasy/64da37c69c8c678afd0bb783/gra-vs-ray-20k/index.html]
[kobobid.com/fantasy/64da37c69c8c678afd0bb784/gra-vs-ray-10k-1v1/index.html]
[kobobid.com/fantasy/64d89d582be25e72b15801c8/aus-vs-eng-20k/index.html]
[kobobid.com/fantasy/64d704f662b9f4403a243b3c/esp-vs-swe-20k/index.html]
[kobobid.com/fantasy/64d29fef793bd53b73c40363/mnu-vs-wol-20k/index.html]
[kobobid.com/fantasy/64d29fec793bd53b73c40360/get-vs-fcb-20k/index.html]
[cdn.kobobid.com/web/fantasy/tournament_icons/EPL-200K-Guaranteed7dba.png]
[kobobid.com/fantasy/64d29fe9793bd53b73c4035b/cfc-vs-liv-200k-guaranteed/index.html]
[kobobid.com/fantasy/64d29fe8793bd53b73c40358/top-25-epl-40k/index.html]
[kobobid.com/fantasy/64d29fe7793bd53b73c40356/bre-vs-tot-20k/index.html]
[kobobid.com/fantasy/64d29fe2793bd53b73c4034f/new-vs-ast-20k/index.html]
[cdn.kobobid.com/web/avatar/60ph2u97x-fatsaf.png]
[kobobid.com/fantasy/64d2fd6762b9f4403a243b2f/free-epl-10k/index.html]
[kobobid.com/fantasy/64d29fe1793bd53b73c4034d/top-25-epl-40k/index.html]
[kobobid.com/fantasy/64d29fe0793bd53b73c4034b/bor-vs-whu-20k/index.html]
[kobobid.com/fantasy/64d29fdf793bd53b73c40349/ars-vs-not-20k/index.html]
[cdn.kobobid.com/live/images/how_it_works/Step1.png]
[cdn.kobobid.com/live/images/how_it_works/Step2.png]
[cdn.kobobid.com/live/images/how_it_works/Step3.png]
[cdn.kobobid.com/live/images/how_it_works/Step4.png]
[cdn.kobobid.com/live/images/how_it_works/Step5.png]
[cdn.kobobid.com/live/images/how_it_works/Step6.png]
[kobobid.com/how-it-works/fantasy.html]
[kobobid.com/fantasyd41d.html]
[cdn.kobobid.com/live/css/owl.carousel.min.css]
[cdn.kobobid.com/live/css/owl.theme.default.min.css]
[cdn.kobobid.com/live/css/font/stylesheet.min.css]
[cdn.kobobid.com/live/css/shared_style.min7dba.css]
[cdn.kobobid.com/marketing/facebook-share-for-auction7dba.jpg]
[kobobid.com/products/649450dc66973005cd128859/200-000-cash.html]
[cdn.kobobid.com/web/product/6074ce7148fabb34f4a9cd6d/gkcxeauaw4-n200-000-cash-1.png]
[kobobid.com/products/649450dc66973005cd128858/hisense-32-a1500-full-hd-led-tv.html]
[cdn.kobobid.com/web/product/63fe795e64e9187b01475ed9/wdjobcsnz3-hisense-32-a1500-full-hd-led-tv-1.png]
[kobobid.com/products/63fe88b864e9187b01475ef8/20-000-shoprite-voucher.html]
[cdn.kobobid.com/web/product/63fe2c9d64e9187b01475ec4/38kcupy5wj-20000-shoprite-voucher-1.png]
[kobobid.com/products/649450dc66973005cd128856/armani-luigi-chronograph-mens-watch.html]
[cdn.kobobid.com/web/product/ac3jik6ke/v8p7ivttb4-armani-luigi-chronograph-black-dial-mens-watch-ar1948-1.png]
[kobobid.com/products/649450dc66973005cd128855/hisense-soundbar-204-2-0ch.html]
[cdn.kobobid.com/web/product/63fe7c0e64e9187b01475eda/lqnjxcyoy-hisense-soundbar-204-2-0ch-1.png]
[kobobid.com/products/649450dc66973005cd128849/10-000-airtime.html]
[cdn.kobobid.com/web/product/60574d1f7de86f604ab90f9c/leqorcrozf-10-000-airtime-1.png]
[kobobid.com/products/649450dc66973005cd128852/100-bidpack.html]
[cdn.kobobid.com/web/product/6071b7be6e5f6218472c85be/l04vxu7d4-100-bidpack-1.png]
[kobobid.com/products/649450dc66973005cd128845/20-000-cash.html]
[cdn.kobobid.com/web/product/614d9ab583e9bc448d275cd6/16mesxryd-20-000-cash-1.png]
[kobobid.com/products/649450dc66973005cd128841/10-000-cash.html]
[cdn.kobobid.com/web/product/60513af57de86f604ab90deb/hky5eiqh6-10-000-cash-1.png]
[kobobid.com/products/649450dc66973005cd128854/acer-spin-3-x360-core-i5-8gb-256-ssd-wins-10.html]
[cdn.kobobid.com/web/product/63fe29f764e9187b01475ec1/d71ehhjdjr-acer-spin-3-x360-core-i5-8gb-256-ssd-backlit-keyboard-wins-10-1.png]
[kobobid.com/products/649450dc66973005cd12884d/50-000-cash.html]
[cdn.kobobid.com/web/product/61041622e962ac50515f7e72/6byzyhg9ar-50-000-cash-1.png]
[kobobid.com/products/649450dc66973005cd128853/hisense-6-3l-air-fryer.html]
[cdn.kobobid.com/web/product/c09poskx9/th2o2h7rui-hisense-6-3l-air-fryer-1.png]
[kobobid.com/products/649450dc66973005cd128851/100-bidpack.html]
[kobobid.com/products/649450dc66973005cd128848/10-000-airtime.html]
[kobobid.com/products/649450dc66973005cd128850/hisense-20l-microwave.html]
[cdn.kobobid.com/web/product/63fe783464e9187b01475ed7/ttd5otmi3-hisense-h20mows10-700w-20l-microwave-oven-1.png]
[kobobid.com/products/649450dc66973005cd128844/20-000-cash.html]
[kobobid.com/products/649450dc66973005cd12884f/jbl-tune-760-wireless-headphones.html]
[cdn.kobobid.com/web/product/5lvikx1ku/hiho5whwt5-jbl-tune-760-wireless-headphones-1.png]
[kobobid.com/products/649450dc66973005cd128840/10-000-cash.html]
[kobobid.com/products/649450dc66973005cd12884e/maxi-60-60-4-burner-gas-cooker-basic-black-gray.html]
[cdn.kobobid.com/web/product/63fe774e64e9187b01475ed6/q3ecyjcxyt-maxi-60-60-4-burner-gas-cooker-basic-black-gray-1.png]
[kobobid.com/products/649450dc66973005cd12884c/50-000-cash.html]
[kobobid.com/winners4658.html]
[kobobid.com/winners.html]
[kobobid.com/winnersd41d.html]
[cdn.kobobid.com/live/images/Step-1.png]
[cdn.kobobid.com/live/images/Step-2.png]
[cdn.kobobid.com/live/images/Step-3.png]
[cdn.kobobid.com/live/images/Step-4.png]
[cdn.kobobid.com/live/images/Step-5.png]
[kobobid.com/how-it-works.html]
[kobobid.com/scratch_view/6356abd5fea641bdd402fd20/100k-scratch-and-win.html]
[kobobid.com/scratch_view/62e2a34e3ac3e4186a28990c/5k-scratch-and-win.html]
[kobobid.com/scratch-card-winners4658.html]
[kobobid.com/scratch-card-winners2679.html]
[kobobid.com/scratch_view/6356abd5fea641bdd402fd1d/2k-scratch-and-win.html]
[cdn.kobobid.com/web/scratch_cards/icons/2K.png]
[kobobid.com/scratch-card-winners9ba9.html]
[kobobid.com/scratch-card-winnersfdb0.html]
[kobobid.com/scratch-card-winnersd41d.html]
[cdn.kobobid.com/live/js/apps/registration/forgot.min7dba.js]
[kobobid.com/forgot.html]
[kobobid.com/scratch_view/6356abd5fea641bdd402fd1e/index.html]
[kobobid.com/scratch_view/6356abd5fea641bdd402fd1d/index.html]
[kobobid.com/scratch_view/62e2a34e3ac3e4186a28990c/index.html]
[kobobid.com/scratch_view/6356abd5fea641bdd402fd20/index.html]
[kobobid.com/cdn-cgi/l/email-protection.html]
[kobobid.com/auctionsf582.html]
[kobobid.com/auctions2aec.html]
[kobobid.com/auctionsa0f2.html]
[kobobid.com/auctions26c6.html]
[kobobid.com/auctionsc07b.html]
[kobobid.com/auctionse7cd.html]
[kobobid.com/auctions4729.html]
[kobobid.com/auctionsaa8f.html]
[kobobid.com/auctions0382.html]
[kobobid.com/auctions914a.html]
[kobobid.com/auctions298e.html]
[kobobid.com/auctions8f4f.html]
[kobobid.com/auctionsc6c7.html]
[kobobid.com/auctions3a01.html]
[kobobid.com/auctionsa2d9.html]
[kobobid.com/auctions59dc.html]
[kobobid.com/watchlist.html]
[kobobid.com/contact.html]
[kobobid.com/watchlistd41d.html]
[kobobid.com/fantasyb4a6.html]
[cdn.kobobid.com/live/css/style.minec92.css]
[cdn.kobobid.com/web/raffle/615f812403a1bd585f8c52c3/5hzcooutpj-10-000-cash-17dba.png]
[kobobid.com/raffles26c6.html]
[cdn.kobobid.com/live/icon/Real-Bids.png]
[kobobid.com/avatar/dji3d7au6-sunshine2323.png]
[kobobid.com/raffles/6481feb690ae000008f27242/5-000-cash.html]
[cdn.kobobid.com/live/icon/100PercentEntry.png]
[cdn.kobobid.com/live/icon/2Bids.png]
[cdn.kobobid.com/web/raffle/v19j887u1k/rzkcndxkq8-5-000-cash-1-thumb.png]
[kobobid.com/raffles/6334c9bb58bd703c475f0074/n200-000-cash.html]
[cdn.kobobid.com/live/icon/5Bids.png]
[cdn.kobobid.com/web/raffle/6334c9bb58bd703c475f0074/pfns8bjawa-n200-000-cash-1-thumb.png]
[kobobid.com/raffles/615f8a2c03a1bd585f8c52d4/1-000-000-cash.html]
[cdn.kobobid.com/live/icon/10Bids.png]
[cdn.kobobid.com/web/raffle/5m6j1zkob/tc1s7au6zs-1-000-000-cash-1-thumb.png]
[kobobid.com/raffles/648464f9537fa000086e13b6/2-000-cash.html]
[cdn.kobobid.com/live/icon/singleentry.png]
[cdn.kobobid.com/web/raffle/pwk6qvjf0a/4vgiekylgo-2-000-cash-1-thumb.png]
[kobobid.com/raffles/64c8d7c3c8b3cf0008715172/1-000-cash.html]
[cdn.kobobid.com/web/raffle/euxd494sor/w27bshzjyd-1-000-cash-1-thumb.png]
[kobobid.com/raffles/646e23817732910008f601e9/10-000-cash.html]
[cdn.kobobid.com/web/raffle/euxd494sor/9j43w09d53-1-000-cash-17dba.png]
[kobobid.com/raffles/6492b9082dc6910008c9288c/1-000-cash.html]
[cdn.kobobid.com/web/raffle/yt87meyppj/vfxsqs5hc-mamas-pride-parboiled-rice-50kg-17dba.png]
[kobobid.com/raffles/64804e2b8e626676c67be29d/mamas-pride-parboiled-rice-50kg.html]
[kobobid.com/raffles4729.html]
[kobobid.com/avatar/8p0xuv8mp8-ttemmy.32f.delayed]
[kobobid.com/avatar/dzjz5xzgyg-ttemmy.png]
[kobobid.com/raffles/6474611f14ab6b00088ec6ae/1-000-cash.html]
[cdn.kobobid.com/web/raffle/pwk6qvjf0a/083ncmk7mn-2-000-cash-17dba.png]
[kobobid.com/raffles/646dc5facbd0f300082feb63/2-000-cash.html]
[cdn.kobobid.com/web/raffle/v19j887u1k/1qbqpms61-5-000-cash-17dba.png]
[kobobid.com/raffles/6464a14c0cc82f0008cc94ce/5-000-cash.html]
[kobobid.com/raffles/6455b0e91d54f30008bdea7f/1-000-cash.html]
[cdn.kobobid.com/web/raffle/go9ax8maz/v885e8ogam-20-000-cash-17dba.png]
[kobobid.com/raffles/6421f3c36f07090008557d45/20-000-cash.html]
[kobobid.com/raffles/6443c41afe61050008aeb3a9/10-000-cash.html]
[kobobid.com/raffles/64542f2bbc9e16000808762d/2-000-cash.html]
[kobobid.com/raffles/644a419217a4fa00088a3278/5-000-cash.html]
[kobobid.com/raffles/644bdeeeaff9b70008391366/1-000-cash.html]
[kobobid.com/raffles/64443e91aa3ba10008cf472e/2-000-cash.html]
[kobobid.com/raffles/6445341c9e303b00080e2367/1-000-cash.html]
[kobobid.com/raffles/643adee601cfe20008ae9d73/5-000-cash.html]
[kobobid.com/raffles/64402727ae1c4200089e205c/1-000-cash.html]
[kobobid.com/raffles/64366900dc12a40008c8efb3/2-000-cash.html]
[kobobid.com/raffles/642b62022d64b100088b5dd7/10-000-cash.html]
[cdn.kobobid.com/web/raffle/akcx8726sa/vbt6mmbas9-50-000-cash-17dba.png]
[kobobid.com/raffles/63ce76558695160008e1f2fa/50-000-cash.html]
[kobobid.com/raffles/6438f5d1b6e5800008591d5a/1-000-cash.html]
[kobobid.com/raffles/6433c7c692475b19a7861393/unilag-madam-tinubu-50k-cash.html]
[cdn.kobobid.com/web/raffle/6433c7c692475b19a7861393/kreb12ydhh-unilag-madam-tinubu-50k-cash-1.png]
[kobobid.com/raffles/6433c67192475b19a7861391/unilag-madam-tinubu-20k-cash.html]
[cdn.kobobid.com/web/raffle/6433c67192475b19a7861391/ptm5bzr1n-unilag-madam-tinubu-20k-cash-1.png]
[cdn.kobobid.com/web/raffle/6433c71f92475b19a7861392/hfakevt358-unilag-madam-tinubu-30k-cash-1.png]
[kobobid.com/raffles/6431852a92475b19a786138c/unilag-eni-njoku-20k-cash.html]
[cdn.kobobid.com/web/raffle/6431852a92475b19a786138c/z1q4b40fa5-unilag-eni-njoku-20k-cash-1.png]
[kobobid.com/raffles/6433c71f92475b19a7861392/unilag-madam-tinubu-30k-cash.html]
[kobobid.com/raffles/6431887d92475b19a786138d/unilag-eni-njoku-30k-cash.html]
[cdn.kobobid.com/web/raffle/6431887d92475b19a786138d/ko7bfbbbze-unilag-eni-njoku-30k-cash-1.png]
[kobobid.com/raffles/6431895192475b19a786138e/unilag-eni-njoku-50k-cash.html]
[cdn.kobobid.com/web/raffle/6431895192475b19a786138e/yw8lwtp99s-unilag-eni-njoku-50k-cash-1.png]
[kobobid.com/raffles/642f100967cd110008a92170/1-000-cash.html]
[kobobid.com/raffles/6427557628d8e7000800bf2b/2-000-cash.html]
[kobobid.com/raffles/64284a2c139f7400082f42ef/1-000-cash.html]
[kobobid.com/raffles/641e086407943e00083b53a8/10-000-cash.html]
[kobobid.com/raffles/642513db4951da00086e5b10/1-000-cash.html]
[kobobid.com/raffles/641e38112937ea0008ad6d73/2-000-cash.html]
[kobobid.com/raffles/641fc7d79cb6a30008646162/1-000-cash.html]
[kobobid.com/raffles/64138ededf18c0000855775d/5-000-cash.html]
[kobobid.com/raffles/63ee0096547bd400084b6c6b/20-000-cash.html]
[kobobid.com/raffles/64146eafd9e9d900080fded4/2-000-cash.html]
[kobobid.com/raffles/641b7848dfc59d0008260c07/1-000-cash.html]
[kobobid.com/raffle-winners4658.html]
[kobobid.com/raffle-winners2679.html]
[kobobid.com/raffles/6413478adca38b00080b4276/10-000-cash.html]
[kobobid.com/raffles/6416eba4215dbf00082d383d/1-000-cash.html]
[kobobid.com/raffles/640fc0fbbb4bab00088f9d9e/1-000-cash.html]
[cdn.kobobid.com/web/avatar/giagby8t-sevensix.png]
[kobobid.com/raffles/6407cd8c9875d50008293b92/2-000-cash.html]
[kobobid.com/raffles/6407567108d3cf000839b983/5-000-cash.html]
[kobobid.com/raffles/640622e0d75f8200081346f3/10-000-cash.html]
[kobobid.com/raffles/64060884469ae50008f84ff0/1-000-cash.html]
[cdn.kobobid.com/web/avatar/s1hroenplh-odionfriday0.png]
[kobobid.com/raffles/63ff855498431f0008da41be/2-000-cash.html]
[kobobid.com/raffles/64004dbfba03c90007d5c472/5-000-cash.html]
[kobobid.com/raffles/63ea8054d335240008bd0311/10-000-cash.html]
[kobobid.com/raffles/63e0c5a546e7320008bc08ad/1-000-cash.html]
[kobobid.com/raffles/6334c8c858bd703c475f0072/100-000-cash.html]
[cdn.kobobid.com/web/raffle/y28lc4y6od/5a414qepyf-100-000-cash-1.png]
[kobobid.com/raffles/63ebeaeca8ea69000857aa02/5-000-cash.html]
[kobobid.com/raffles/63f5f1c8316cdb0008b3f6ab/2-000-cash.html]
[kobobid.com/raffles/63e39cfea676f0000821070c/2-000-cash.html]
[kobobid.com/raffle-winners9ba9.html]
[kobobid.com/raffles/63ce6f32fc36210008465a81/20-000-cash.html]
[cdn.kobobid.com/web/avatar/grvs90tmfb-flashboy25.png]
[kobobid.com/raffles/63dbc1887e23140008ba9ac2/5-000-cash.html]
[kobobid.com/raffles/63da556a81cb091f7a954242/valentine-raffle.html]
[cdn.kobobid.com/web/raffle/dkctbyl9si/uto8jw0jhj-valentine-raffle-1.png]
[kobobid.com/raffles/63dc4671a4c0d6000813fcf8/10-000-cash.html]
[kobobid.com/raffles/63d578cf735b960008ecf150/2-000-cash.html]
[kobobid.com/raffles/63de3cb6438f5800083c681b/1-000-cash.html]
[kobobid.com/raffles/63db961a0883e20008112f6c/1-000-cash.html]
[kobobid.com/raffles/63ce74d3c0d95f00080f335c/10-000-cash.html]
[kobobid.com/raffles/63ce74adfc36210008465a8b/5-000-cash.html]
[kobobid.com/raffles/63d544be81cb091f7a954238/1-000-cash.html]
[kobobid.com/raffles/63ce6fe49acad300086f4c18/2-000-cash.html]
[kobobid.com/raffles/63ce77f0fc36210008465a97/1-000-cash.html]
[kobobid.com/raffles/63c061119231e90008288015/1-000-cash.html]
[kobobid.com/raffles/6336903c6bda8f00095dfb93/n200-000-cash.html]
[cdn.kobobid.com/web/raffle/sumgoesrt/1cs04dv9y-n200-000-cash-1.png]
[kobobid.com/raffles/6352f0d810e6b60009259d72/20-000-cash.html]
[kobobid.com/raffles/63a430b1b1fd870008068c35/5-000-cash.html]
[kobobid.com/raffles/63087e5538b0d000099cb5b7/50-000-cash.html]
[kobobid.com/raffle-winnersfdb0.html]
[kobobid.com/raffle-winnersd41d.html]
[kobobid.com/fantasy/watchlistd41d.html]
[kobobid.com/raffle-winnersaf4d.html]
[cdn.kobobid.com/web/fantasy/tournament_icons/EPL-100K-Guaranteed7dba.png]
[cdn.kobobid.com/live/css/owl.video.play.png]
[cdn.kobobid.com/web/product/6074ce7148fabb34f4a9cd6d/gkcxeauaw4-n200-000-cash-17dba.png]
[cdn.kobobid.com/live/icon/flash_auction.png]
[kobobid.com/auctions/index26c6.html]
[kobobid.com/products/64c84d6166973005cd128868/20-000-cash.html]
[cdn.kobobid.com/live/icon/bidmate.png]
[cdn.kobobid.com/web/product/614d9ab583e9bc448d275cd6/lwy48ovb1h-20-000-cash-1-thumb.png]
[kobobid.com/products/64c84d6166973005cd12886c/10-000-cash.html]
[cdn.kobobid.com/web/product/60513af57de86f604ab90deb/qv987u0v63-10-000-cash-1-thumb.png]
[kobobid.com/products/64c84d6166973005cd128876/50-000-cash.html]
[cdn.kobobid.com/web/product/61041622e962ac50515f7e72/uwvjum5sx-50-000-cash-1-thumb.png]
[kobobid.com/products/64c84d6166973005cd12886d/10-000-cash.html]
[kobobid.com/products/649450dc66973005cd128859/200-000-cash.html]
[kobobid.com/products/64c84d6166973005cd128869/20-000-cash.html]
[cdn.kobobid.com/web/product/63fe795e64e9187b01475ed9/wdjobcsnz3-hisense-32-a1500-full-hd-led-tv-17dba.png]
[kobobid.com/auctions/indexaa8f.html]
[cdn.kobobid.com/web/product/63fe795e64e9187b01475ed9/mtdaxxpss5-hisense-32-a1500-full-hd-led-tv-3.png]
[kobobid.com/products/64c84d6166973005cd12887e/hisense-soundbar-204-2-0ch.html]
[cdn.kobobid.com/web/product/63fe7c0e64e9187b01475eda/mu34y15dap-hisense-soundbar-204-2-0ch-1-thumb.png]
[kobobid.com/products/63fe84eb64e9187b01475ee7/hisense-55-inch-a7g-series-qled-4k-smart-tv.html]
[cdn.kobobid.com/web/product/hs00n5jr8i/mktsitg0n-hisense-55-inch-a7g-series-qled-4k-smart-tv-1-thumb.png]
[kobobid.com/products/649450dc66973005cd128858/hisense-32-a1500-full-hd-led-tv.html]
[cdn.kobobid.com/web/product/63fe2c9d64e9187b01475ec4/38kcupy5wj-20000-shoprite-voucher-17dba.png]
[kobobid.com/auctions/indexa2d9.html]
[kobobid.com/products/64c84d6166973005cd128873/20-000-shoprite-voucher.html]
[cdn.kobobid.com/web/product/63fe2c9d64e9187b01475ec4/4o7d55t729-20000-shoprite-voucher-1-thumb.png]
[kobobid.com/products/63fe88b864e9187b01475ef8/20-000-shoprite-voucher.html]
[kobobid.com/products/64c84d6166973005cd128874/20-000-shoprite-voucher.html]
[cdn.kobobid.com/web/product/ac3jik6ke/v8p7ivttb4-armani-luigi-chronograph-black-dial-mens-watch-ar1948-17dba.png]
[kobobid.com/auctions/index298e.html]
[cdn.kobobid.com/web/product/ac3jik6ke/itrd53yrb-armani-luigi-chronograph-black-dial-mens-watch-ar1948-2.png]
[cdn.kobobid.com/web/product/ac3jik6ke/q8op9h6ldr-armani-luigi-chronograph-black-dial-mens-watch-ar1948-3.png]
[kobobid.com/products/63fe84eb64e9187b01475ee3/emporio-armani-ar1410-mens-watch.html]
[cdn.kobobid.com/web/product/63fe84eb64e9187b01475ee3/de1b0y3yhl-emporio-armani-ar1410-mens-watch-1-thumb.png]
[kobobid.com/products/649450dc66973005cd128856/armani-luigi-chronograph-mens-watch.html]
[cdn.kobobid.com/web/product/63fe7c0e64e9187b01475eda/lqnjxcyoy-hisense-soundbar-204-2-0ch-17dba.png]
[cdn.kobobid.com/web/product/63fe7c0e64e9187b01475eda/msoi75pcmh-hisense-soundbar-204-2-0ch-2.png]
[cdn.kobobid.com/web/product/63fe7c0e64e9187b01475eda/1ulihadzxe-hisense-soundbar-204-2-0ch-3.png]
[kobobid.com/products/649450dc66973005cd128855/hisense-soundbar-204-2-0ch.html]
[cdn.kobobid.com/web/product/60574d1f7de86f604ab90f9c/leqorcrozf-10-000-airtime-17dba.png]
[kobobid.com/auctions/indexc07b.html]
[kobobid.com/products/64c84d6166973005cd128870/10-000-airtime.html]
[cdn.kobobid.com/web/product/60574d1f7de86f604ab90f9c/5mntkgeos7-10-000-airtime-1-thumb.png]
[kobobid.com/products/64c84d6166973005cd128871/10-000-airtime.html]
[kobobid.com/products/649450dc66973005cd128849/10-000-airtime.html]
[kobobid.com/products/64c84d6166973005cd128872/10-000-airtime.html]
[cdn.kobobid.com/web/product/6071b7be6e5f6218472c85be/l04vxu7d4-100-bidpack-17dba.png]
[kobobid.com/auctions/indexe7cd.html]
[kobobid.com/products/64c84d6166973005cd128880/100-bidpack.html]
[cdn.kobobid.com/web/product/6071b7be6e5f6218472c85be/w5i1w7q0yn-100-bidpack-1-thumb.png]
[kobobid.com/products/649450dc66973005cd128852/100-bidpack.html]
[cdn.kobobid.com/web/product/614d9ab583e9bc448d275cd6/16mesxryd-20-000-cash-17dba.png]
[kobobid.com/products/649450dc66973005cd128845/20-000-cash.html]
[cdn.kobobid.com/web/product/60513af57de86f604ab90deb/hky5eiqh6-10-000-cash-17dba.png]
[kobobid.com/products/649450dc66973005cd128841/10-000-cash.html]
[cdn.kobobid.com/web/product/63fe29f764e9187b01475ec1/d71ehhjdjr-acer-spin-3-x360-core-i5-8gb-256-ssd-backlit-keyboard-wins-10-17dba.png]
[kobobid.com/auctions/index0382.html]
[cdn.kobobid.com/web/product/63fe29f764e9187b01475ec1/a4eiucv60f-acer-spin-3-x360-core-i5-8gb-256-ssd-backlit-keyboard-wins-10-2.png]
[cdn.kobobid.com/web/product/63fe29f764e9187b01475ec1/tccdn8iscp-acer-spin-3-x360-core-i5-8gb-256-ssd-backlit-keyboard-wins-10-3.png]
[cdn.kobobid.com/web/product/63fe29f764e9187b01475ec1/a18e406f8-acer-spin-3-x360-core-i5-8gb-256-ssd-backlit-keyboard-wins-10-4.png]
[kobobid.com/products/649450dc66973005cd128854/acer-spin-3-x360-core-i5-8gb-256-ssd-wins-10.html]
[cdn.kobobid.com/web/product/61041622e962ac50515f7e72/6byzyhg9ar-50-000-cash-17dba.png]
[kobobid.com/products/649450dc66973005cd12884d/50-000-cash.html]
[cdn.kobobid.com/web/product/c09poskx9/th2o2h7rui-hisense-6-3l-air-fryer-17dba.png]
[kobobid.com/auctions/index2aec.html]
[cdn.kobobid.com/web/product/c09poskx9/vi9n32tq2-hisense-6-3l-air-fryer-2.png]
[cdn.kobobid.com/web/product/c09poskx9/kvs2iqp9ef-hisense-6-3l-air-fryer-3.png]
[kobobid.com/products/64c84d6166973005cd12886b/philips-steam-iron.html]
[cdn.kobobid.com/web/product/8caqh0f82b/gncv4c6enm6-philips-steam-iron-1-thumb.png]
[kobobid.com/products/64c84d6166973005cd128879/lg-air-conditioner-split-1-5-hp.html]
[cdn.kobobid.com/web/product/wvfqgcsvo/bwnh8kgkf-lg-air-conditioner-split-1-5-hp-1-thumb.png]
[kobobid.com/products/64c84d6166973005cd12887a/silver-crest-heavy-duty-commercial-blender.html]
[cdn.kobobid.com/web/product/uqog62sxl/f0c9moina-silver-crest-german-heavy-duty-commercial-blender-5000w-1-thumb.png]
[kobobid.com/products/64c84d6166973005cd12887b/hisense-700w-20l-microwave-oven.html]
[cdn.kobobid.com/web/product/63fe783464e9187b01475ed7/jdh02xnrd9-hisense-h20mows10-700w-20l-microwave-oven-1-thumb.png]
[kobobid.com/products/64c84d6166973005cd12887c/maxi-water-dispenser-wd-1675s-b.html]
[cdn.kobobid.com/web/product/xjvd7i9se/355kp3w00d-maxi-water-dispenser-wd-1675s-b-1-thumb.png]
[kobobid.com/products/649450dc66973005cd128853/hisense-6-3l-air-fryer.html]
[kobobid.com/products/649450dc66973005cd128851/100-bidpack.html]
[kobobid.com/products/649450dc66973005cd128848/10-000-airtime.html]
[cdn.kobobid.com/web/product/63fe783464e9187b01475ed7/ttd5otmi3-hisense-h20mows10-700w-20l-microwave-oven-17dba.png]
[cdn.kobobid.com/web/product/63fe783464e9187b01475ed7/mte5wjiuzk-hisense-h20mows10-700w-20l-microwave-oven-2.png]
[kobobid.com/products/649450dc66973005cd128850/hisense-20l-microwave.html]
[kobobid.com/products/649450dc66973005cd128844/20-000-cash.html]
[cdn.kobobid.com/web/product/5lvikx1ku/hiho5whwt5-jbl-tune-760-wireless-headphones-17dba.png]
[kobobid.com/auctions/indexf582.html]
[cdn.kobobid.com/web/product/5lvikx1ku/jwzja62wq-jbl-tune-760-wireless-headphones-2.png]
[cdn.kobobid.com/web/product/5lvikx1ku/y8s7837nw-jbl-tune-760-wireless-headphones-3.png]
[cdn.kobobid.com/web/product/5lvikx1ku/kr5n27gr6-jbl-tune-760-wireless-headphones-4.png]
[kobobid.com/products/64c84d6166973005cd128875/xiaomi-redmi-9a-2gb-ram-32gb-rom.html]
[cdn.kobobid.com/web/product/uijdxq9j4q/5ii5b4hw8-xiaomi-redmi-9a-6-53-inches-2gb-ram-32gb-rom-1-thumb.png]
[kobobid.com/products/64c84d6166973005cd12887d/samsung-galaxy-tab-a7-32gb-3gb.html]
[cdn.kobobid.com/web/product/605e1e05ce7eb3353fa5bebc/aogfxtp4ka-samsung-galaxy-tab-a7-32gb-3gb-1-thumb.png]
[kobobid.com/products/64c84d6166973005cd128882/apple-airpods-pro.html]
[cdn.kobobid.com/web/product/602d8a5b7a973b57851846fc/wul850zlqk-apple-airpods-pro-1-thumb.png]
[kobobid.com/products/63fe4d4d64e9187b01475ecb/tecno-spark-9t-6-6-4gb-128gb-5000mah-black.html]
[cdn.kobobid.com/web/product/63fe287564e9187b01475ebf/pw92angdy-tecno-spark-9t-6-6-4gb-128gb-5000mah-black-1-thumb.png]
[kobobid.com/products/63fe4d4d64e9187b01475ecd/apple-wireless-airpod.html]
[cdn.kobobid.com/web/product/602ec2af7a973b578518473a/i1mtstwaaj-apple-wireless-airpod-2-thumb.png]
[kobobid.com/products/649450dc66973005cd12884f/jbl-tune-760-wireless-headphones.html]
[kobobid.com/products/649450dc66973005cd128840/10-000-cash.html]
[cdn.kobobid.com/web/product/63fe774e64e9187b01475ed6/q3ecyjcxyt-maxi-60-60-4-burner-gas-cooker-basic-black-gray-17dba.png]
[cdn.kobobid.com/web/product/63fe774e64e9187b01475ed6/tckvstbkl3-maxi-60-60-4-burner-gas-cooker-basic-black-gray-2.png]
[cdn.kobobid.com/web/product/63fe774e64e9187b01475ed6/f4h1ztasx6-maxi-60-60-4-burner-gas-cooker-basic-black-gray-3.png]
[kobobid.com/products/649450dc66973005cd12884e/maxi-60-60-4-burner-gas-cooker-basic-black-gray.html]
[kobobid.com/products/649450dc66973005cd12884c/50-000-cash.html]
[kobobid.com/products/649450dc66973005cd12884b/20-000-shoprite-voucher.html]
[kobobid.com/products/649450dc66973005cd12884a/binatone-16-inch-powerful-standing-fan.html]
[cdn.kobobid.com/web/product/63fe294b64e9187b01475ec0/9lb9xz7g3-binatone-16-inch-powerful-super-cool-quiet-standing-fan-1.png]
[kobobid.com/products/649450dc66973005cd128847/10-000-airtime.html]
[kobobid.com/products/649450dc66973005cd128846/ea-sports-fifa-23-ps5-official-licensed-ps5.html]
[cdn.kobobid.com/web/product/63fe26fd64e9187b01475ebe/hx2ht2doc-ea-sports-fifa-23-ps5-official-licensed-ps5-1.png]
[kobobid.com/products/649450dc66973005cd128843/20-000-cash.html]
[kobobid.com/products/649450dc66973005cd128842/silver-crest-german-heavy-duty-commercial-blender.html]
[cdn.kobobid.com/web/product/uqog62sxl/660fi7jbbk-silver-crest-german-heavy-duty-commercial-blender-5000w-1.png]
[kobobid.com/products/649450dc66973005cd12883f/10-000-cash.html]
[kobobid.com/winners4658.html]
[kobobid.com/winners2679.html]
[kobobid.com/winnersd41d.html]
[kobobid.com/scratch-card-winners2679.html]
[kobobid.com/scratch_view/6356abd5fea641bdd402fd1d/2k-scratch-and-win.html]
[cdn.kobobid.com/live/css/tachyons.min7dba.css]
[cdn.kobobid.com/live/css/font/stylesheet.min7dba.css]
[kobobid.com/watchlistd41d.html]
[kobobid.com/raffles26c6.html]
[kobobid.com/avatar/dji3d7au6-sunshine2323.html]
[kobobid.com/raffles/6441ab9036a0030008f03657/50-000-cash.html]
[cdn.kobobid.com/web/raffle/akcx8726sa/pk10b2sl6i-50-000-cash-1-thumb.png]
[kobobid.com/raffles/6481feb690ae000008f27242/5-000-cash.html]
[cdn.kobobid.com/web/raffle/6334c9bb58bd703c475f0074/67o2srrbr8-n200-000-cash-17dba.png]
[cdn.kobobid.com/web/raffle/6334c9bb58bd703c475f0074/67o2srrbr8-n200-000-cash-1.png]
[kobobid.com/raffles/6334c9bb58bd703c475f0074/n200-000-cash.html]
[cdn.kobobid.com/web/raffle/5m6j1zkob/tvvia0570p-1-000-000-cash-17dba.png]
[cdn.kobobid.com/web/raffle/5m6j1zkob/tvvia0570p-1-000-000-cash-1.png]
[kobobid.com/raffles/615f8a2c03a1bd585f8c52d4/1-000-000-cash.html]
[kobobid.com/raffles/648464f9537fa000086e13b6/2-000-cash.html]
[kobobid.com/raffles/64c8d7c3c8b3cf0008715172/1-000-cash.html]
[kobobid.com/raffles4729.html]
[kobobid.com/avatar/8p0xuv8mp8-ttemmy.html]
[kobobid.com/avatar/dzjz5xzgyg-ttemmy.html]
[kobobid.com/raffles/6438f5d1b6e5800008591d5a/1-000-cash.html]
[cdn.kobobid.com/web/raffle/6433c7c692475b19a7861393/kreb12ydhh-unilag-madam-tinubu-50k-cash-17dba.png]
[kobobid.com/raffles/6433c7c692475b19a7861393/unilag-madam-tinubu-50k-cash.html]
[cdn.kobobid.com/web/raffle/6433c67192475b19a7861391/ptm5bzr1n-unilag-madam-tinubu-20k-cash-17dba.png]
[kobobid.com/raffles/6433c67192475b19a7861391/unilag-madam-tinubu-20k-cash.html]
[cdn.kobobid.com/web/raffle/6433c71f92475b19a7861392/hfakevt358-unilag-madam-tinubu-30k-cash-17dba.png]
[kobobid.com/raffles/6433c71f92475b19a7861392/unilag-madam-tinubu-30k-cash.html]
[kobobid.com/raffles/6424a514f82f4d000876c3e1/5-000-cash]
[cdn.kobobid.com/web/raffle/6431852a92475b19a786138c/z1q4b40fa5-unilag-eni-njoku-20k-cash-17dba.png]
[kobobid.com/raffles/6431852a92475b19a786138c/unilag-eni-njoku-20k-cash.html]
[cdn.kobobid.com/web/raffle/6431887d92475b19a786138d/ko7bfbbbze-unilag-eni-njoku-30k-cash-17dba.png]
[kobobid.com/raffles/6431887d92475b19a786138d/unilag-eni-njoku-30k-cash.html]
[cdn.kobobid.com/web/raffle/6431895192475b19a786138e/yw8lwtp99s-unilag-eni-njoku-50k-cash-17dba.png]
[kobobid.com/raffles/6431895192475b19a786138e/unilag-eni-njoku-50k-cash.html]
[kobobid.com/raffles/642f100967cd110008a92170/1-000-cash.html]
[kobobid.com/raffles/6427557628d8e7000800bf2b/2-000-cash.html]
[kobobid.com/raffles/64284a2c139f7400082f42ef/1-000-cash.html]
[kobobid.com/raffles/641e086407943e00083b53a8/10-000-cash.html]
[kobobid.com/raffles/642513db4951da00086e5b10/1-000-cash.html]
[kobobid.com/raffles/641e38112937ea0008ad6d73/2-000-cash.html]
[kobobid.com/raffles/641fc7d79cb6a30008646162/1-000-cash.html]
[kobobid.com/raffles/64138ededf18c0000855775d/5-000-cash.html]
[kobobid.com/raffles/63ee0096547bd400084b6c6b/20-000-cash.html]
[kobobid.com/raffles/641b7848dfc59d0008260c07/1-000-cash.html]
[kobobid.com/raffles/64146eafd9e9d900080fded4/2-000-cash.html]
[kobobid.com/raffle-winners2679.html]
[kobobid.com/raffles/6413478adca38b00080b4276/10-000-cash.html]
[kobobid.com/raffles/6416eba4215dbf00082d383d/1-000-cash.html]
[kobobid.com/raffles/640fc0fbbb4bab00088f9d9e/1-000-cash.html]
[kobobid.com/avatar/giagby8t-sevensix.4ca.delayed]
[kobobid.com/raffles/6407cd8c9875d50008293b92/2-000-cash.html]
[kobobid.com/raffles/6407567108d3cf000839b983/5-000-cash.html]
[kobobid.com/raffles/640622e0d75f8200081346f3/10-000-cash.html]
[kobobid.com/raffles/64060884469ae50008f84ff0/1-000-cash.html]
[kobobid.com/avatar/s1hroenplh-odionfriday0.png]
[kobobid.com/raffles/63ff855498431f0008da41be/2-000-cash.html]
[kobobid.com/raffles/64004dbfba03c90007d5c472/5-000-cash.html]
[kobobid.com/raffles/63ea8054d335240008bd0311/10-000-cash.html]
[kobobid.com/raffles/63e0c5a546e7320008bc08ad/1-000-cash.html]
[cdn.kobobid.com/web/raffle/y28lc4y6od/5a414qepyf-100-000-cash-17dba.png]
[kobobid.com/raffles/6334c8c858bd703c475f0072/100-000-cash.html]
[kobobid.com/raffles/63ebeaeca8ea69000857aa02/5-000-cash.html]
[kobobid.com/raffles/63f5f1c8316cdb0008b3f6ab/2-000-cash.html]
[kobobid.com/raffles/63e39cfea676f0000821070c/2-000-cash.html]
[kobobid.com/raffles/63ce6f32fc36210008465a81/20-000-cash.html]
[kobobid.com/avatar/azf0qlxfx-flashboy25.4f4.delayed]
[kobobid.com/avatar/grvs90tmfb-flashboy25.png]
[kobobid.com/raffles/63dbc1887e23140008ba9ac2/5-000-cash.html]
[cdn.kobobid.com/web/raffle/dkctbyl9si/uto8jw0jhj-valentine-raffle-17dba.png]
[kobobid.com/raffles/63da556a81cb091f7a954242/valentine-raffle.html]
[kobobid.com/raffles/63dc4671a4c0d6000813fcf8/10-000-cash.html]
[kobobid.com/raffles/63d578cf735b960008ecf150/2-000-cash.html]
[kobobid.com/raffles/63de3cb6438f5800083c681b/1-000-cash.html]
[kobobid.com/raffles/63db961a0883e20008112f6c/1-000-cash.html]
[kobobid.com/raffles/63ce74d3c0d95f00080f335c/10-000-cash.html]
[kobobid.com/raffles/63ce74adfc36210008465a8b/5-000-cash.html]
[kobobid.com/raffles59dc.html]
[kobobid.com/raffles/63d544be81cb091f7a954238/1-000-cash.html]
[kobobid.com/raffles/63ce6fe49acad300086f4c18/2-000-cash.html]
[kobobid.com/raffles/63ce77f0fc36210008465a97/1-000-cash.html]
[kobobid.com/raffles/63c061119231e90008288015/1-000-cash.html]
[cdn.kobobid.com/web/raffle/sumgoesrt/1cs04dv9y-n200-000-cash-17dba.png]
[kobobid.com/raffles/6336903c6bda8f00095dfb93/n200-000-cash.html]
[kobobid.com/raffles/6352f0d810e6b60009259d72/20-000-cash.html]
[kobobid.com/raffles/63a430b1b1fd870008068c35/5-000-cash.html]
[kobobid.com/avatar/cyalpcu2c-buchi.526.delayed]
[kobobid.com/raffles/63087e5538b0d000099cb5b7/50-000-cash.html]
[cdn.kobobid.com/web/avatar/cyalpcu2c-buchi.png]
[kobobid.com/raffles/63b9a982303cdb00083b2fda/1-000-cash.html]
[kobobid.com/raffles/63943ced0a03820008aae762/2-000-cash.html]
[kobobid.com/raffles/6397a08d63cca300086dbb05/1-000-cash.html]
[kobobid.com/raffles/637fde79cee2710008eae3eb/10-000-cash.html]
[cdn.kobobid.com/web/avatar/6lrjjulkah-dodyoz.png]
[kobobid.com/raffles/638ec5f829d8fa00082e8f37/1-000-cash.html]
[kobobid.com/raffles/638f4afc1000a1000883e58b/5-000-cash.html]
[kobobid.com/raffles/637945c9e5fbe300084bb0e6/2-000-cash.html]
[kobobid.com/raffles/637ac2d892abb3000858faa6/1-000-cash.html]
[kobobid.com/raffles/635b5ea0836f5800092a20b7/10-000-cash.html]
[kobobid.com/raffles/636700e3e38c8a0008e993e4/1-000-cash.html]
[kobobid.com/raffles/636691de70560000089e669a/2-000-cash.html]
[kobobid.com/raffles/634c504b920c2800092100b3/5-000-cash.html]
[kobobid.com/raffles/635e645ac4c2ba000912bb02/1-000-cash.html]
[kobobid.com/raffles/63566bd8b08f4b0009eb34ef/2-000-cash.html]
[kobobid.com/raffles/634e60f936d17f00096b5ae2/1-000-cash.html]
[kobobid.com/raffles/63368f229bbfba0009060b0f/10-000-cash.html]
[kobobid.com/raffles/633cbf4fc144f200093573ac/2-000-cash.html]
[kobobid.com/raffle-winnersc575.html]
[kobobid.com/raffle-winners235c.html]
[kobobid.com/raffle-winnersaf4d.html]
[kobobid.com/account/history/fantasy-wins/64dbb7eb4a599ab4d3335962]
[kobobid.com/raffle-winnersfdfa.html]
[kobobid.com/auctions/index26c6.html]
[kobobid.com/products/64c84d6166973005cd128868/20-000-cash.html]
[kobobid.com/products/64c84d6166973005cd128877/50-000-cash.html]
[kobobid.com/products/64c84d6166973005cd12886c/10-000-cash.html]
[kobobid.com/products/64c84d6166973005cd128876/50-000-cash.html]
[kobobid.com/products/64c84d6166973005cd12886d/10-000-cash.html]
[kobobid.com/products/64c84d6166973005cd128869/20-000-cash.html]
[kobobid.com/auctions/indexaa8f.html]
[kobobid.com/products/64c84d6166973005cd12887e/hisense-soundbar-204-2-0ch.html]
[cdn.kobobid.com/web/product/63fe795e64e9187b01475ed9/krgkueuiol-hisense-32-a1500-full-hd-led-tv-2.png]
[cdn.kobobid.com/web/product/hs00n5jr8i/jxzbu0te-hisense-55-inch-a7g-series-qled-4k-smart-tv-17dba.png]
[cdn.kobobid.com/web/product/hs00n5jr8i/jxzbu0te-hisense-55-inch-a7g-series-qled-4k-smart-tv-1.png]
[cdn.kobobid.com/web/product/hs00n5jr8i/pb691qkco-hisense-55-inch-a7g-series-qled-4k-smart-tv-2.png]
[cdn.kobobid.com/web/product/hs00n5jr8i/4m8oqhaw5e-hisense-55-inch-a7g-series-qled-4k-smart-tv-3.png]
[kobobid.com/products/63fe84eb64e9187b01475ee7/hisense-55-inch-a7g-series-qled-4k-smart-tv.html]
[kobobid.com/auctions/indexa2d9.html]
[kobobid.com/products/64c84d6166973005cd128873/20-000-shoprite-voucher.html]
[kobobid.com/products/64c84d6166973005cd128874/20-000-shoprite-voucher.html]
[kobobid.com/auctions/index298e.html]
[cdn.kobobid.com/web/product/63fe84eb64e9187b01475ee3/0f7g4fsyxb-emporio-armani-ar1410-mens-watch-17dba.png]
[cdn.kobobid.com/web/product/63fe84eb64e9187b01475ee3/0f7g4fsyxb-emporio-armani-ar1410-mens-watch-1.png]
[cdn.kobobid.com/web/product/63fe84eb64e9187b01475ee3/47g14fq6ui-emporio-armani-ar1410-mens-watch-2.png]
[kobobid.com/raffles/636e60c08ad185000840e7a7/5-000-cash.html]
[cdn.kobobid.com/web/product/63fe84eb64e9187b01475ee3/4du2ttrz1o-emporio-armani-ar1410-mens-watch-3.png]
[kobobid.com/products/63fe84eb64e9187b01475ee3/emporio-armani-ar1410-mens-watch.html]
[kobobid.com/auctions/indexc07b.html]
[kobobid.com/products/64c84d6166973005cd128870/10-000-airtime.html]
[kobobid.com/products/64c84d6166973005cd128871/10-000-airtime.html]
[kobobid.com/products/64c84d6166973005cd128872/10-000-airtime.html]
[kobobid.com/auctions/indexe7cd.html]
[kobobid.com/products/64c84d6166973005cd128880/100-bidpack.html]
[kobobid.com/auctions/index0382.html]
[kobobid.com/auctions/index2aec.html]
[cdn.kobobid.com/web/product/8caqh0f82b/0kk04p2n1o-philips-steam-iron-17dba.png]
[kobobid.com/products/64c84d6166973005cd128881/hisense-6-3l-air-fryer.html]
[cdn.kobobid.com/web/product/c09poskx9/adzsaexto-hisense-6-3l-air-fryer-1-thumb.png]
[kobobid.com/products/64c84d6166973005cd12886b/philips-steam-iron.html]
[cdn.kobobid.com/web/product/wvfqgcsvo/nncq656c9c-lg-air-conditioner-split-1-5-hp-17dba.png]
[cdn.kobobid.com/web/product/wvfqgcsvo/nncq656c9c-lg-air-conditioner-split-1-5-hp-1.png]
[cdn.kobobid.com/web/product/wvfqgcsvo/xlaa33uzys-lg-air-conditioner-split-1-5-hp-2.png]
[cdn.kobobid.com/web/product/wvfqgcsvo/9ffoujzu7m-lg-air-conditioner-split-1-5-hp-3.png]
[kobobid.com/products/64c84d6166973005cd128879/lg-air-conditioner-split-1-5-hp.html]
[cdn.kobobid.com/web/product/uqog62sxl/660fi7jbbk-silver-crest-german-heavy-duty-commercial-blender-5000w-17dba.png]
[cdn.kobobid.com/web/product/uqog62sxl/lq5up36vq5-silver-crest-german-heavy-duty-commercial-blender-5000w-2.png]
[kobobid.com/products/64c84d6166973005cd12887a/silver-crest-heavy-duty-commercial-blender.html]
[kobobid.com/products/64c84d6166973005cd12887b/hisense-700w-20l-microwave-oven.html]
[cdn.kobobid.com/web/product/xjvd7i9se/kk8u4gswpu-maxi-water-dispenser-wd-1675s-b-17dba.png]
[cdn.kobobid.com/web/product/xjvd7i9se/kk8u4gswpu-maxi-water-dispenser-wd-1675s-b-1.png]
[cdn.kobobid.com/web/product/xjvd7i9se/9respt1t4-maxi-water-dispenser-wd-1675s-b-2.png]
[kobobid.com/products/64c84d6166973005cd12887c/maxi-water-dispenser-wd-1675s-b.html]
[kobobid.com/auctions/indexf582.html]
[cdn.kobobid.com/web/product/uijdxq9j4q/h6g40tw8af-xiaomi-redmi-9a-6-53-inches-2gb-ram-32gb-rom-17dba.png]
[cdn.kobobid.com/web/product/uijdxq9j4q/h6g40tw8af-xiaomi-redmi-9a-6-53-inches-2gb-ram-32gb-rom-1.png]
[kobobid.com/products/64c84d6166973005cd128875/xiaomi-redmi-9a-2gb-ram-32gb-rom.html]
[cdn.kobobid.com/web/product/605e1e05ce7eb3353fa5bebc/7mhc2rj5s-samsung-galaxy-tab-a7-32gb-3gb-17dba.png]
[cdn.kobobid.com/web/product/605e1e05ce7eb3353fa5bebc/7mhc2rj5s-samsung-galaxy-tab-a7-32gb-3gb-1.png]
[cdn.kobobid.com/web/product/605e1e05ce7eb3353fa5bebc/29dsnla94n-samsung-galaxy-tab-a7-32gb-3gb-2.png]
[cdn.kobobid.com/web/product/605e1e05ce7eb3353fa5bebc/udl3jeezwt-samsung-galaxy-tab-a7-32gb-3gb-3.png]
[kobobid.com/products/64c84d6166973005cd12887d/samsung-galaxy-tab-a7-32gb-3gb.html]
[cdn.kobobid.com/web/product/602d8a5b7a973b57851846fc/65gkqn5r25-apple-airpods-pro-17dba.png]
[cdn.kobobid.com/web/product/602d8a5b7a973b57851846fc/65gkqn5r25-apple-airpods-pro-1.png]
[cdn.kobobid.com/web/product/602d8a5b7a973b57851846fc/dk4ep8ydcr-apple-airpods-pro-2.png]
[cdn.kobobid.com/web/product/602d8a5b7a973b57851846fc/8rayxxfhmo-apple-airpods-pro-3.png]
[cdn.kobobid.com/web/product/602d8a5b7a973b57851846fc/44ryn1phsl-apple-airpods-pro-4.png]
[kobobid.com/products/64c84d6166973005cd128882/apple-airpods-pro.html]
[cdn.kobobid.com/web/product/63fe287564e9187b01475ebf/o6x7b49426-tecno-spark-9t-6-6-4gb-128gb-5000mah-black-17dba.png]
[cdn.kobobid.com/web/product/63fe287564e9187b01475ebf/o6x7b49426-tecno-spark-9t-6-6-4gb-128gb-5000mah-black-1.png]
[cdn.kobobid.com/web/product/63fe287564e9187b01475ebf/se9etb8p4r-tecno-spark-9t-6-6-4gb-128gb-5000mah-black-2.png]
[cdn.kobobid.com/web/product/63fe287564e9187b01475ebf/gcpj71c3t-tecno-spark-9t-6-6-4gb-128gb-5000mah-black-3.png]
[kobobid.com/products/63fe4d4d64e9187b01475ecb/tecno-spark-9t-6-6-4gb-128gb-5000mah-black.html]
[cdn.kobobid.com/web/product/602ec2af7a973b578518473a/jrhpfrcwx-apple-wireless-airpod-27dba.png]
[cdn.kobobid.com/web/product/602ec2af7a973b578518473a/jrhpfrcwx-apple-wireless-airpod-2.png]
[cdn.kobobid.com/web/product/602ec2af7a973b578518473a/pjw7u30m5q-apple-wireless-airpod-1.png]
[cdn.kobobid.com/web/product/602ec2af7a973b578518473a/wqijubciuv-apple-wireless-airpod-3.png]
[kobobid.com/products/63fe4d4d64e9187b01475ecd/apple-wireless-airpod.html]
[kobobid.com/products/649450dc66973005cd12884b/20-000-shoprite-voucher.html]
[cdn.kobobid.com/web/product/63fe294b64e9187b01475ec0/9lb9xz7g3-binatone-16-inch-powerful-super-cool-quiet-standing-fan-17dba.png]
[cdn.kobobid.com/web/product/63fe294b64e9187b01475ec0/vkw355tf8h-binatone-16-inch-powerful-super-cool-quiet-standing-fan-2.png]
[kobobid.com/products/649450dc66973005cd12884a/binatone-16-inch-powerful-standing-fan.html]
[kobobid.com/products/649450dc66973005cd128847/10-000-airtime.html]
[cdn.kobobid.com/web/product/63fe26fd64e9187b01475ebe/hx2ht2doc-ea-sports-fifa-23-ps5-official-licensed-ps5-17dba.png]
[kobobid.com/auctions/index914a.html]
[cdn.kobobid.com/web/product/63fe26fd64e9187b01475ebe/mzogk43qls-ea-sports-fifa-23-ps5-official-licensed-ps5-2.png]
[cdn.kobobid.com/web/product/63fe26fd64e9187b01475ebe/j8pn4aaw5f-ea-sports-fifa-23-ps5-official-licensed-ps5-3.png]
[kobobid.com/products/649450dc66973005cd128846/ea-sports-fifa-23-ps5-official-licensed-ps5.html]
[kobobid.com/products/649450dc66973005cd128843/20-000-cash.html]
[kobobid.com/products/649450dc66973005cd128842/silver-crest-german-heavy-duty-commercial-blender.html]
[kobobid.com/products/649450dc66973005cd12883f/10-000-cash.html]
[kobobid.com/winners2679.html]
[kobobid.com/raffles/6441ab9036a0030008f03657/50-000-cash.html]
[kobobid.com/raffles/6424a514f82f4d000876c3e1/5-000-cash]
[kobobid.com/avatar/giagby8t-sevensix.html]
[kobobid.com/avatar/s1hroenplh-odionfriday0.html]
[kobobid.com/avatar/azf0qlxfx-flashboy25.html]
[kobobid.com/avatar/grvs90tmfb-flashboy25.html]
[kobobid.com/raffles59dc.html]
[kobobid.com/avatar/cyalpcu2c-buchi.html]
[kobobid.com/raffles/63b9a982303cdb00083b2fda/1-000-cash.html]
[kobobid.com/raffles/63943ced0a03820008aae762/2-000-cash.html]
[kobobid.com/raffles/6397a08d63cca300086dbb05/1-000-cash.html]
[kobobid.com/raffles/637fde79cee2710008eae3eb/10-000-cash.html]
[kobobid.com/avatar/6lrjjulkah-dodyoz.png]
[kobobid.com/raffles/638f4afc1000a1000883e58b/5-000-cash.html]
[kobobid.com/raffles/638ec5f829d8fa00082e8f37/1-000-cash.html]
[kobobid.com/raffles/637945c9e5fbe300084bb0e6/2-000-cash.html]
[kobobid.com/raffles/636e60c08ad185000840e7a7/5-000-cash.html]
[kobobid.com/raffles/637ac2d892abb3000858faa6/1-000-cash.html]
[kobobid.com/raffles/635b5ea0836f5800092a20b7/10-000-cash.html]
[kobobid.com/raffles/636700e3e38c8a0008e993e4/1-000-cash.html]
[kobobid.com/raffles/636691de70560000089e669a/2-000-cash.html]
[kobobid.com/raffles/634c504b920c2800092100b3/5-000-cash.html]
[kobobid.com/raffles/635e645ac4c2ba000912bb02/1-000-cash.html]
[kobobid.com/raffles/63566bd8b08f4b0009eb34ef/2-000-cash.html]
[kobobid.com/raffles/634e60f936d17f00096b5ae2/1-000-cash.html]
[kobobid.com/raffles/63368f229bbfba0009060b0f/10-000-cash.html]
[kobobid.com/raffles/633cbf4fc144f200093573ac/2-000-cash.html]
[kobobid.com/raffles/62e862d6547c3900096252e2/20-000-cash.html]
[kobobid.com/raffles/6342eeb9123b3300095c4f94/1-000-cash.html]
[kobobid.com/raffles/632b6728507de90009fb2e08/5-000-cash.html]
[kobobid.com/raffles/633c11fc0d8a9d0009e23519/1-000-cash.html]
[kobobid.com/raffles/6334c6a858bd703c475f0070/10-000-cash.html]
[cdn.kobobid.com/web/raffle/6334c6a858bd703c475f0070/v5c559rst5-10-000-cash-1.png]
[kobobid.com/raffles/6334c30c58bd703c475f006d/5-000-cash.html]
[cdn.kobobid.com/web/raffle/6334c30c58bd703c475f006d/ht7v5dlvk-5-000-cash-1.png]
[kobobid.com/raffles/632b8e323b05c500092e38f7/2-000-cash.html]
[kobobid.com/raffles/63359b06fea18e0009688076/1-000-cash.html]
[kobobid.com/raffles/61a1272fc7ce7c000aefb69c/n200-000-cash.html]
[kobobid.com/raffles/631464a298e5640009be768f/10-000-cash.html]
[kobobid.com/raffles/6329d3c8660f940009fde55c/1-000-cash.html]
[kobobid.com/raffles/63184484f2782400092445a0/2-000-cash.html]
[kobobid.com/raffles/6311093f7971370009ceff3c/5-000-cash.html]
[kobobid.com/raffles/631d04f6f48ac1000931029d/1-000-cash.html]
[kobobid.com/raffles/631489ecafc1680009647752/1-000-cash.html]
[kobobid.com/raffle-winnersc575.html]
[kobobid.com/raffles/6310d19a1cd3cd0009eec9df/2-000-cash.html]
[cdn.kobobid.com/web/avatar/edxlx3ttia-hallelove12.png]
[kobobid.com/raffles/630934799688d90009c09431/1-000-cash.html]
[kobobid.com/raffles/62ff53d8de97f90009bb9ced/10-000-cash.html]
[kobobid.com/raffles/6304a6503c072a00099fb94b/5-000-cash.html]
[kobobid.com/raffles/62fccdf586439000094cadf0/2-000-cash.html]
[kobobid.com/raffles/62fdf81c7e2fb800097f7df0/1-000-cash.html]
[kobobid.com/raffles/621f2067e9bc1c00094af00d/50-000-cash.html]
[kobobid.com/raffles/62f38f62f6ea2f000967e7e2/5-000-cash.html]
[kobobid.com/raffles/62e22455f0ce0b0009a298b7/10-000-cash.html]
[kobobid.com/raffles/62f79ef1e10c890009b9edf1/1-000-cash.html]
[kobobid.com/raffles/62f391c49672f70009e3d6f9/2-000-cash.html]
[kobobid.com/raffles/62f3238a802fb000090065c6/1-000-cash.html]
[kobobid.com/raffles/62e274952fa4a40009369886/2-000-cash.html]
[kobobid.com/raffles/62dd262a3374260009996412/5-000-cash.html]
[kobobid.com/raffles/62eef49664b644000948bd4a/1-000-cash.html]
[kobobid.com/raffles/62e79e02b7d2f50009200613/1-000-cash.html]
[kobobid.com/raffles/627618289947980009da9758/20-000-cash.html]
[cdn.kobobid.com/web/avatar/upzq86ld9i-taiyeafeez.png]
[kobobid.com/raffles/62d70e3089169b00093953a0/1-000-cash.html]
[kobobid.com/raffle-winners235c.html]
[kobobid.com/raffles/62d3f48edb4a69000964cc30/2-000-cash.html]
[kobobid.com/raffles/62bbe4c11357ec0009c6ecfa/10-000-cash.html]
[kobobid.com/raffles/62c14badd569e00009cb931d/5-000-cash.html]
[kobobid.com/raffles/62ce41a48c7e30000a3326ce/1-000-cash.html]
[kobobid.com/raffles/62c6bcd4ff7d8d0009d2700c/2-000-cash.html]
[kobobid.com/raffles/62c816ce3de160000938eb3c/1-000-cash.html]
[kobobid.com/raffles/62c1f3a26252fd00099d169e/1-000-cash.html]
[kobobid.com/raffles/62b9f7639f0b7b000990912a/2-000-cash.html]
[kobobid.com/raffles/62bc23c3769f860009569e44/1-000-cash.html]
[kobobid.com/raffles/62ae77c1a8c0ff000921d3e1/5-000-cash.html]
[kobobid.com/raffles/62b4abadd7ec2c000957335c/1-000-cash.html]
[kobobid.com/raffles/6299a6041c34ea0009fdd65a/10-000-cash.html]
[kobobid.com/raffles/62ace02dba6142000980e269/2-000-cash.html]
[kobobid.com/raffles/62af3a2869a6d900096b9bc9/1-000-cash.html]
[kobobid.com/raffles/62a76d720feb0b0009873663/1-000-cash.html]
[kobobid.com/raffles/627a585bfff9d2404107455f/5-000-cash.html]
[kobobid.com/raffles/629653a39bfa171ea82fa44a/2-000-cash.html]
[kobobid.com/raffles/62964b139bfa171ea82fa449/1-000-cash.html]
[kobobid.com/raffles/62729e18e85f920009c786fb/10-000-cash.html]
[kobobid.com/raffles/6273e4599cf880000963f1bb/5-000-cash.html]
[kobobid.com/raffles/6273ca4630a12e00096ffd09/5-000-cash.html]
[kobobid.com/raffle-winnersfdfa.html]
[kobobid.com/account/profile/bio]
[kobobid.com/raffle-winners0b08.html]
[kobobid.com/products/64c84d6166973005cd128877/50-000-cash.html]
[cdn.kobobid.com/web/product/8caqh0f82b/0kk04p2n1o-philips-steam-iron-1.png]
[kobobid.com/products/64c84d6166973005cd128881/hisense-6-3l-air-fryer.html]
[cdn.kobobid.com/web/product/8caqh0f82b/hoxklfvb8c-philips-steam-iron-2.png]
[cdn.kobobid.com/web/product/uqog62sxl/660fi7jbbk-silver-crest-german-heavy-duty-commercial-blender-5000w-17dba.png]
[kobobid.com/auctions/index914a.html]
[kobobid.com/avatar/6lrjjulkah-dodyoz.html]
[cdn.kobobid.com/web/product/xjvd7i9se/kk8u4gswpu-maxi-water-dispenser-wd-1675s-b-17dba.png]
[kobobid.com/raffles/62e862d6547c3900096252e2/20-000-cash.html]
[kobobid.com/raffles/6342eeb9123b3300095c4f94/1-000-cash.html]
[kobobid.com/raffles/632b6728507de90009fb2e08/5-000-cash.html]
[kobobid.com/raffles/633c11fc0d8a9d0009e23519/1-000-cash.html]
[cdn.kobobid.com/web/raffle/6334c6a858bd703c475f0070/v5c559rst5-10-000-cash-17dba.png]
[kobobid.com/raffles/6334c6a858bd703c475f0070/10-000-cash.html]
[cdn.kobobid.com/web/raffle/6334c30c58bd703c475f006d/ht7v5dlvk-5-000-cash-17dba.png]
[kobobid.com/raffles/6334c30c58bd703c475f006d/5-000-cash.html]
[kobobid.com/raffles/632b8e323b05c500092e38f7/2-000-cash.html]
[kobobid.com/raffles/63359b06fea18e0009688076/1-000-cash.html]
[kobobid.com/raffles/61a1272fc7ce7c000aefb69c/n200-000-cash.html]
[kobobid.com/raffles/631464a298e5640009be768f/10-000-cash.html]
[kobobid.com/raffles/6329d3c8660f940009fde55c/1-000-cash.html]
[kobobid.com/raffles/63184484f2782400092445a0/2-000-cash.html]
[kobobid.com/raffles/6311093f7971370009ceff3c/5-000-cash.html]
[kobobid.com/raffles/631d04f6f48ac1000931029d/1-000-cash.html]
[kobobid.com/raffles/631489ecafc1680009647752/1-000-cash.html]
[kobobid.com/raffles/6310d19a1cd3cd0009eec9df/2-000-cash.html]
[kobobid.com/avatar/edxlx3ttia-hallelove12.6b1.delayed]
[kobobid.com/raffles/630934799688d90009c09431/1-000-cash.html]
[kobobid.com/raffles/62ff53d8de97f90009bb9ced/10-000-cash.html]
[kobobid.com/raffles/6304a6503c072a00099fb94b/5-000-cash.html]
[kobobid.com/raffles/62fccdf586439000094cadf0/2-000-cash.html]
[kobobid.com/raffles/62fdf81c7e2fb800097f7df0/1-000-cash.html]
[kobobid.com/raffles/621f2067e9bc1c00094af00d/50-000-cash.html]
[kobobid.com/raffles/62f38f62f6ea2f000967e7e2/5-000-cash.html]
[kobobid.com/raffles/62e22455f0ce0b0009a298b7/10-000-cash.html]
[kobobid.com/raffles/62f79ef1e10c890009b9edf1/1-000-cash.html]
[kobobid.com/raffles/62f391c49672f70009e3d6f9/2-000-cash.html]
[kobobid.com/raffles/62f3238a802fb000090065c6/1-000-cash.html]
[kobobid.com/raffles/62e274952fa4a40009369886/2-000-cash.html]
[kobobid.com/raffles/62dd262a3374260009996412/5-000-cash.html]
[kobobid.com/raffles/62eef49664b644000948bd4a/1-000-cash.html]
[kobobid.com/raffles/62e79e02b7d2f50009200613/1-000-cash.html]
[kobobid.com/raffles/627618289947980009da9758/20-000-cash.html]
[kobobid.com/avatar/pfxkt3yicp-taiyeafeez.6e2.delayed]
[kobobid.com/avatar/upzq86ld9i-taiyeafeez.png]
[kobobid.com/raffles/62d70e3089169b00093953a0/1-000-cash.html]
[kobobid.com/raffles/62d3f48edb4a69000964cc30/2-000-cash.html]
[kobobid.com/raffles/62bbe4c11357ec0009c6ecfa/10-000-cash.html]
[kobobid.com/raffles/62c14badd569e00009cb931d/5-000-cash.html]
[kobobid.com/raffles/62ce41a48c7e30000a3326ce/1-000-cash.html]
[kobobid.com/raffles/62c6bcd4ff7d8d0009d2700c/2-000-cash.html]
[kobobid.com/raffles/62c816ce3de160000938eb3c/1-000-cash.html]
[kobobid.com/raffles/62c1f3a26252fd00099d169e/1-000-cash.html]
[kobobid.com/raffles/62b9f7639f0b7b000990912a/2-000-cash.html]
[kobobid.com/raffles/62bc23c3769f860009569e44/1-000-cash.html]
[kobobid.com/raffles/62ae77c1a8c0ff000921d3e1/5-000-cash.html]
[kobobid.com/raffles/62b4abadd7ec2c000957335c/1-000-cash.html]
[kobobid.com/raffles/6299a6041c34ea0009fdd65a/10-000-cash.html]
[kobobid.com/raffles/62ace02dba6142000980e269/2-000-cash.html]
[kobobid.com/raffles/62af3a2869a6d900096b9bc9/1-000-cash.html]
[kobobid.com/raffles/62a76d720feb0b0009873663/1-000-cash.html]
[kobobid.com/raffles/627a585bfff9d2404107455f/5-000-cash.html]
[kobobid.com/raffles/629653a39bfa171ea82fa44a/2-000-cash.html]
[kobobid.com/raffles/62964b139bfa171ea82fa449/1-000-cash.html]
[kobobid.com/raffles/62729e18e85f920009c786fb/10-000-cash.html]
[kobobid.com/raffles/6273e4599cf880000963f1bb/5-000-cash.html]
[kobobid.com/raffles/6273ca4630a12e00096ffd09/5-000-cash.html]
[kobobid.com/raffles/61fae7214a7ebb000975df10/20-000-cash.html]
[kobobid.com/raffles/6269c73b1561e900099714dd/5-000-cash.html]
[kobobid.com/raffles/6265af83e841d700096bb69e/5-000-cash.html]
[kobobid.com/raffles/624df416ccda150009b7ceaa/10-000-cash.html]
[kobobid.com/raffles/624ed39b9812420009d4bd42/5-000-cash.html]
[cdn.kobobid.com/web/avatar/32uk4a1uxa-rankadede.png]
[kobobid.com/raffles/624d363de021270009b6b945/5-000-cash.html]
[kobobid.com/raffles/6225cb5e4d409a000908b92e/5-000-cash.html]
[kobobid.com/raffles/622e02ae5912ae00094bd711/10-000-cash.html]
[kobobid.com/raffles/615f8a0603a1bd585f8c52d2/500-000-cash.html]
[cdn.kobobid.com/web/raffle/82gwjxzy/pj6o70mqx-500-000-cash-1.png]
[cdn.kobobid.com/web/avatar/qt8vtt35ac-spiritfilled.png]
[cdn.kobobid.com/web/avatar/yywi9hh1xn-stankool.png]
[kobobid.com/raffles/621e7db613b77c0009061e93/5-000-cash.html]
[kobobid.com/raffles/61f840df036dcf0009c5d8a9/10-000-cash.html]
[kobobid.com/raffle-winners1448.html]
[kobobid.com/raffle-winners1c8b.html]
[kobobid.com/raffle-winners0b08.html]
[kobobid.com/account/buyf66f]
[kobobid.com/avatar/edxlx3ttia-hallelove12.html]
[kobobid.com/avatar/pfxkt3yicp-taiyeafeez.html]
[kobobid.com/avatar/upzq86ld9i-taiyeafeez.html]
[kobobid.com/raffles/61fae7214a7ebb000975df10/20-000-cash.html]
[kobobid.com/raffles/6269c73b1561e900099714dd/5-000-cash.html]
[kobobid.com/raffles/6265af83e841d700096bb69e/5-000-cash.html]
[kobobid.com/raffles/624df416ccda150009b7ceaa/10-000-cash.html]
[kobobid.com/raffle-winnersce37.html]
[kobobid.com/raffles/624ed39b9812420009d4bd42/5-000-cash.html]
[kobobid.com/avatar/32uk4a1uxa-rankadede.png]
[kobobid.com/raffles/624d363de021270009b6b945/5-000-cash.html]
[kobobid.com/raffles/6225cb5e4d409a000908b92e/5-000-cash.html]
[kobobid.com/raffles/622e02ae5912ae00094bd711/10-000-cash.html]
[cdn.kobobid.com/web/raffle/82gwjxzy/pj6o70mqx-500-000-cash-17dba.png]
[kobobid.com/avatar/yywi9hh1xn-stankool.png]
[kobobid.com/avatar/qt8vtt35ac-spiritfilled.png]
[kobobid.com/raffles/615f8a0603a1bd585f8c52d2/500-000-cash.html]
[kobobid.com/raffles/621e7db613b77c0009061e93/5-000-cash.html]
[kobobid.com/raffles/61f840df036dcf0009c5d8a9/10-000-cash.html]
[kobobid.com/raffles/6214ef456f491762ec00d46f/5-000-cash.html]
[cdn.kobobid.com/web/avatar/gaitozfa3-samtechltd.png]
[kobobid.com/raffles/61b4a2b72c8b6106af896e9f/50-000-cash.html]
[kobobid.com/raffles/61ff6b010709e700096cb9b3/5-000-cash.html]
[kobobid.com/raffles/61fa5c30a0834400094ee9a7/5-000-cash.html]
[kobobid.com/raffles/61ee51b43f3f2e00092e5203/5-000-cash.html]
[kobobid.com/raffles/619b962d97400c0009333df4/100-000-cash.html]
[cdn.kobobid.com/web/raffle/615f84bd03a1bd585f8c52c7/10ncpkjkja-100-000-cash-1.png]
[cdn.kobobid.com/web/avatar/jfn3bduvys-perfecto.png]
[kobobid.com/raffles/61c4f0102de0de0008812380/20-000-cash.html]
[kobobid.com/raffles/61e4e733531afa00097ce7eb/5-000-cash.html]
[kobobid.com/raffles/61df17a6ff0d2e0008b5585d/10-000-cash.html]
[cdn.kobobid.com/web/avatar/grnh012gxo-ceaserp.png]
[kobobid.com/raffles/61e1c725b6932b0009e35fcf/5-000-cash.html]
[kobobid.com/raffles/61c61dd62c8b6106af897d58/5-000-cash.html]
[kobobid.com/raffles/61be35bb9faac000086bf032/5-000-cash.html]
[kobobid.com/raffles/61c2a11b9087a00009ea369e/10-000-cash.html]
[kobobid.com/raffle-winners1448.html]
[kobobid.com/raffles/61a49f1fa3768a4740b8bbf3/20-000-cash.html]
[cdn.kobobid.com/web/avatar/5pch3qcdys-oyendee.png]
[kobobid.com/raffles/61ba43d6f747930009f435fb/5-000-cash.html]
[kobobid.com/raffles/61b859794872060009a3695a/10-000-cash.html]
[kobobid.com/raffles/61b9e51cc896e100087eb23a/5-000-cash.html]
[kobobid.com/raffles/61b7abbdd4ff4b00085da35c/5-000-cash.html]
[kobobid.com/raffles/61b2280cf7588d0009daad94/5-000-cash.html]
[kobobid.com/raffles/61a130420622cb0009ddad25/10-000-cash.html]
[kobobid.com/raffles/61a13dd3e4dca2000872cfc7/5-000-cash.html]
[kobobid.com/raffles/61a12e611be7800008c626c8/10-000-cash.html]
[cdn.kobobid.com/web/raffle/mn1dkocqzr/ds0jotex1l-10-000-cash-1.png]
[kobobid.com/raffles/61a130fe0622cb0009ddad2d/5-000-cash.html]
[kobobid.com/raffles/6194140590e9ee0008380404/50-000-cash.html]
[cdn.kobobid.com/web/avatar/fbf0y42wz8-jessy55.png]
[kobobid.com/raffles/619c1b976a9f9d00088949f6/20-000-cash.html]
[kobobid.com/raffles/619c5a082e9dff00095f3ed4/5-000-cash.html]
[kobobid.com/raffles/61a0bd25a3768a4740b8bafb/20-000-cash.html]
[cdn.kobobid.com/web/raffle/yuk770tq8p/992ctde94i-20-000-cash-1.png]
[kobobid.com/raffles/619f6cd07cdb5100092fce9e/5-000-cash.html]
[kobobid.com/raffles/619beaf08806eb000908e5ca/10-000-cash.html]
[kobobid.com/raffles/61a0bdcaa3768a4740b8bafc/10-000-cash.html]
[kobobid.com/raffle-winners1c8b.html]
[kobobid.com/raffles/615f89f703a1bd585f8c52d1/n200-000-cash.html]
[kobobid.com/raffles/618e7647a1de2cf002083ddc/5-000-cash.html]
[kobobid.com/raffles/618e760ea1de2cf002083dce/5-000-cash.html]
[kobobid.com/raffles/6176675431fed85c811641c3/20-000-cash.html]
[kobobid.com/raffles/6178176631fed85c81164438/10-000-cash.html]
[kobobid.com/raffles/6172f2ac31fed85c81163c75/100-000-cash.html]
[kobobid.com/raffles/6173f09031fed85c81163e12/50-000-cash.html]
[kobobid.com/raffles/617f806ba1de2cf002069d32/5-000-cash.html]
[kobobid.com/raffles/617ff69da1de2cf00206ae0f/5-000-cash.html]
[kobobid.com/raffles/6172f5b531fed85c81163c7f/5-000-cash.html]
[kobobid.com/raffles/6172f4fc31fed85c81163c7e/5-000-cash.html]
[kobobid.com/raffles/6171d50d5f31324977eb9906/5-000-cash.html]
[kobobid.com/raffle-winnersce37.html]
[kobobid.com/avatar/32uk4a1uxa-rankadede.html]
[kobobid.com/avatar/yywi9hh1xn-stankool.html]
[kobobid.com/avatar/qt8vtt35ac-spiritfilled.html]
[kobobid.com/raffles/6214ef456f491762ec00d46f/5-000-cash.html]
[kobobid.com/raffle-winners8c93.html]
[kobobid.com/avatar/gaitozfa3-samtechltd.png]
[kobobid.com/raffles/61b4a2b72c8b6106af896e9f/50-000-cash.html]
[kobobid.com/raffles/61ff6b010709e700096cb9b3/5-000-cash.html]
[kobobid.com/raffles/61fa5c30a0834400094ee9a7/5-000-cash.html]
[kobobid.com/raffles/61ee51b43f3f2e00092e5203/5-000-cash.html]
[cdn.kobobid.com/web/raffle/615f84bd03a1bd585f8c52c7/10ncpkjkja-100-000-cash-17dba.png]
[kobobid.com/avatar/jfn3bduvys-perfecto.png]
[kobobid.com/raffles/619b962d97400c0009333df4/100-000-cash.html]
[kobobid.com/raffles/61c4f0102de0de0008812380/20-000-cash.html]
[kobobid.com/raffles/61e4e733531afa00097ce7eb/5-000-cash.html]
[kobobid.com/raffles/61df17a6ff0d2e0008b5585d/10-000-cash.html]
[kobobid.com/avatar/grnh012gxo-ceaserp.png]
[kobobid.com/raffles/61e1c725b6932b0009e35fcf/5-000-cash.html]
[kobobid.com/raffles/61c61dd62c8b6106af897d58/5-000-cash.html]
[kobobid.com/raffles/61be35bb9faac000086bf032/5-000-cash.html]
[kobobid.com/raffles/61c2a11b9087a00009ea369e/10-000-cash.html]
[kobobid.com/raffles/61a49f1fa3768a4740b8bbf3/20-000-cash.html]
[kobobid.com/avatar/5pch3qcdys-oyendee.png]
[kobobid.com/raffles/61ba43d6f747930009f435fb/5-000-cash.html]
[kobobid.com/raffles/61b859794872060009a3695a/10-000-cash.html]
[kobobid.com/raffles/61b9e51cc896e100087eb23a/5-000-cash.html]
[kobobid.com/raffles/61b7abbdd4ff4b00085da35c/5-000-cash.html]
[kobobid.com/raffles/61b2280cf7588d0009daad94/5-000-cash.html]
[kobobid.com/raffles/61a130420622cb0009ddad25/10-000-cash.html]
[kobobid.com/raffles/61a13dd3e4dca2000872cfc7/5-000-cash.html]
[cdn.kobobid.com/web/raffle/mn1dkocqzr/ds0jotex1l-10-000-cash-17dba.png]
[kobobid.com/raffles/61a12e611be7800008c626c8/10-000-cash.html]
[kobobid.com/raffles/61a130fe0622cb0009ddad2d/5-000-cash.html]
[kobobid.com/avatar/fbf0y42wz8-jessy55.png]
[kobobid.com/raffles/6194140590e9ee0008380404/50-000-cash.html]
[kobobid.com/raffles/619c1b976a9f9d00088949f6/20-000-cash.html]
[kobobid.com/raffles/619c5a082e9dff00095f3ed4/5-000-cash.html]
[cdn.kobobid.com/web/raffle/yuk770tq8p/992ctde94i-20-000-cash-17dba.png]
[kobobid.com/raffles/61a0bd25a3768a4740b8bafb/20-000-cash.html]
[kobobid.com/raffles/619f6cd07cdb5100092fce9e/5-000-cash.html]
[kobobid.com/raffles/619beaf08806eb000908e5ca/10-000-cash.html]
[kobobid.com/raffles/61a0bdcaa3768a4740b8bafc/10-000-cash.html]
[kobobid.com/raffles/615f89f703a1bd585f8c52d1/n200-000-cash.html]
[kobobid.com/raffles/618e7647a1de2cf002083ddc/5-000-cash.html]
[kobobid.com/raffles/618e760ea1de2cf002083dce/5-000-cash.html]
[kobobid.com/raffles/6176675431fed85c811641c3/20-000-cash.html]
[kobobid.com/raffles/6178176631fed85c81164438/10-000-cash.html]
[kobobid.com/raffles/6172f2ac31fed85c81163c75/100-000-cash.html]
[kobobid.com/raffles/6173f09031fed85c81163e12/50-000-cash.html]
[kobobid.com/raffles/617f806ba1de2cf002069d32/5-000-cash.html]
[kobobid.com/raffles/617ff69da1de2cf00206ae0f/5-000-cash.html]
[kobobid.com/raffles/6172f5b531fed85c81163c7f/5-000-cash.html]
[kobobid.com/raffles/6172f4fc31fed85c81163c7e/5-000-cash.html]
[kobobid.com/raffles/6171d50d5f31324977eb9906/5-000-cash.html]
[kobobid.com/raffles/61718a695f31324977eb87f1/20-000-cash.html]
[kobobid.com/raffles/617191b55f31324977eb88c6/10-000-cash.html]
[kobobid.com/raffles/616bc8b45c9ebc01e85f7ae8/50-000-cash.html]
[kobobid.com/raffles/615f89e703a1bd585f8c52d0/100-000-cash.html]
[kobobid.com/raffles/616bb6a95c9ebc01e85f772f/5-000-cash.html]
[kobobid.com/raffles/616bb78c5c9ebc01e85f7738/5-000-cash.html]
[kobobid.com/raffles/61699dfb5c9ebc01e85f4cee/10-000-cash.html]
[kobobid.com/raffles/61634ff95c9ebc01e85ea78e/50-000-cash.html]
[kobobid.com/raffles/616bb75f5c9ebc01e85f7734/20-000-cash.html]
[kobobid.com/raffles/6167cea35c9ebc01e85f22ad/5-000-cash.html]
[kobobid.com/raffles/6167d1075c9ebc01e85f23ac/5-000-cash.html]
[kobobid.com/raffle-winners8c93.html]
[kobobid.com/avatar/gaitozfa3-samtechltd.html]
[kobobid.com/avatar/jfn3bduvys-perfecto.html]
[kobobid.com/avatar/grnh012gxo-ceaserp.html]
[kobobid.com/avatar/5pch3qcdys-oyendee.html]
[kobobid.com/avatar/fbf0y42wz8-jessy55.html]
[kobobid.com/raffles/617191b55f31324977eb88c6/10-000-cash.html]
[kobobid.com/raffles/61718a695f31324977eb87f1/20-000-cash.html]
[kobobid.com/raffles/616bc8b45c9ebc01e85f7ae8/50-000-cash.html]
[kobobid.com/raffles/61674f615c9ebc01e85f1dfc/20-000-cash.html]
[kobobid.com/raffle-winnersa7f1.html]
[kobobid.com/raffles/615f89e703a1bd585f8c52d0/100-000-cash.html]
[kobobid.com/raffles/616bb78c5c9ebc01e85f7738/5-000-cash.html]
[kobobid.com/raffles/616bb6a95c9ebc01e85f772f/5-000-cash.html]
[kobobid.com/raffles/61699dfb5c9ebc01e85f4cee/10-000-cash.html]
[kobobid.com/raffles/616bb75f5c9ebc01e85f7734/20-000-cash.html]
[kobobid.com/raffles/61634ff95c9ebc01e85ea78e/50-000-cash.html]
[kobobid.com/raffles/6167cea35c9ebc01e85f22ad/5-000-cash.html]
[kobobid.com/raffles/61674f615c9ebc01e85f1dfc/20-000-cash.html]
[kobobid.com/raffles/6167d1075c9ebc01e85f23ac/5-000-cash.html]
[kobobid.com/raffles/61667eed5c9ebc01e85f045b/10-000-cash.html]
[kobobid.com/raffles/6161eed403a1bd585f8c561a/5-000-cash.html]
[kobobid.com/raffles/6161edf303a1bd585f8c5619/5-000-cash.html]
[kobobid.com/raffles/6161ba3903a1bd585f8c55b8/20-000-cash.html]
[kobobid.com/raffles/6161e47b5c9ebc01e85e8be0/10-000-cash.html]
[kobobid.com/raffles/615f89d803a1bd585f8c52cf/50-000-cash.html]
[kobobid.com/raffles/61606f1803a1bd585f8c53fa/10-000-cash.html]
[kobobid.com/raffles/615f89cb03a1bd585f8c52ce/20-000-cash.html]
[kobobid.com/raffle-winnersa7f1.html]
[kobobid.com/raffles/61667eed5c9ebc01e85f045b/10-000-cash.html]
[kobobid.com/raffles/615f89b903a1bd585f8c52cd/10-000-cash.html]
[kobobid.com/raffles/6161eed403a1bd585f8c561a/5-000-cash.html]
[kobobid.com/raffles/6161edf303a1bd585f8c5619/5-000-cash.html]
[kobobid.com/raffles/6161ba3903a1bd585f8c55b8/20-000-cash.html]
[kobobid.com/raffles/6161e47b5c9ebc01e85e8be0/10-000-cash.html]
[kobobid.com/raffles/615f89d803a1bd585f8c52cf/50-000-cash.html]
[kobobid.com/raffles/61606f1803a1bd585f8c53fa/10-000-cash.html]
[kobobid.com/raffles/615f89cb03a1bd585f8c52ce/20-000-cash.html]
[kobobid.com/raffles/615f89b903a1bd585f8c52cd/10-000-cash.html]
